<*GNU-Linker-generated-mapfile*> 
Archive member included to satisfy reference by file (symbol)

C:\Program Files\dSPACE RCPHIL 2018-A\DS1202\Lib/librtversion.a(RtVersion.o)
                              (--whole-archive)
C:\Program Files\dSPACE RCPHIL 2018-A\DS1202\Lib/librtglobals.a(DsEESPort.o)
                              (--whole-archive)
C:\Program Files\dSPACE RCPHIL 2018-A\DS1202\Lib/libm_fastpow.a(w_pow.o)
                              C:\Program Files\dSPACE RCPHIL 2018-A\DS1202\Lib/librt1202.so (pow)
C:\Program Files\dSPACE RCPHIL 2018-A\DS1202\Lib/libm_fastpow.a(e_pow.o)
                              C:\Program Files\dSPACE RCPHIL 2018-A\DS1202\Lib/libm_fastpow.a(w_pow.o) (__ieee754_pow)
C:\Program Files\dSPACE RCPHIL 2018-A\DS1202\Lib/libm_fastpow.a(s_scalbn.o)
                              C:\Program Files\dSPACE RCPHIL 2018-A\DS1202\Lib/libm_fastpow.a(e_pow.o) (scalbn)

As-needed library included to satisfy reference by file (symbol)

libDsRealTimeTestingRP.so.1   rti_sim_engine.o07 (dsrtt_script_service_pre_computation)

Memory Configuration

Name             Origin             Length             Attributes
*default*        0x0000000000000000 0xffffffffffffffff

Linker script and memory map

LOAD C:\ProgramData\dSPACE\071346EA-BFFA-4465-9551-2E48EDF35320\Compiler\QNX650_520\target\qnx6/ppcbe/lib/crt1.o
LOAD C:\ProgramData\dSPACE\071346EA-BFFA-4465-9551-2E48EDF35320\Compiler\QNX650_520\target\qnx6/ppcbe/lib/crti.o
LOAD c:/programdata/dspace/071346ea-bffa-4465-9551-2e48edf35320/compiler/qnx650_520/host/win32/x86/usr/bin/../lib/gcc/powerpc-unknown-nto-qnx6.5.0/5.2.0/crtbegin.o
                0x0000000000000000                _DSPACE_START = 0x0
                0x0000000000000000                _DSPACE_START_ = 0x0
                0x00000000000004b2                DS_TARGET_PLATFORM = 0x4b2
START GROUP
LOAD Control_APF7_algoritmo_wrapper.o07
LOAD seguidor_wrapper.o07
LOAD seguidor12_wrapper.o07
LOAD seguidor3_wrapper.o07
LOAD seguidor4_wrapper.o07
LOAD seguidor_2S_wrapper.o07
LOAD Control_APF7_nuevo_MicroLabBox.o07
LOAD Control_APF7_nuevo_MicroLabBox_capi.o07
LOAD Control_APF7_nuevo_MicroLabBox_data.o07
LOAD Control_APF7_nuevo_MicroLabBox_trc_ptr.o07
LOAD rtGetInf.o07
LOAD rtGetNaN.o07
LOAD rt_nonfinite.o07
LOAD rti_sim_engine.o07
LOAD rti_init_c.o07
LOAD rt_sim.o07
LOAD rti_assert.o07
LOAD C:\Program Files\dSPACE RCPHIL 2018-A\DS1202\Lib/librtcan.so
LOAD C:\Program Files\dSPACE RCPHIL 2018-A\DS1202\Lib/librtj1939.so
LOAD C:\Program Files\dSPACE RCPHIL 2018-A\DS1202\Lib/librtser.so
LOAD C:\Program Files\dSPACE RCPHIL 2018-A\DS1202\Lib/librt13xxio.so
LOAD C:\Program Files\dSPACE RCPHIL 2018-A\DS1202\Lib/librt1202.so
LOAD C:\Program Files\dSPACE RCPHIL 2018-A\DS1202\Lib/librtwrap.so
LOAD C:\Program Files\dSPACE RCPHIL 2018-A\DS1202\Lib/librtversion.a
LOAD C:\Program Files\dSPACE RCPHIL 2018-A\DS1202\Lib/librtglobals.a
LOAD C:\Program Files\dSPACE RCPHIL 2018-A\DS1202\Lib/libm_fastpow.a
END GROUP
LOAD C:\Program Files\dSPACE RCPHIL 2018-A\DS1202\Lib/libstdc++.so
LOAD C:\ProgramData\dSPACE\071346EA-BFFA-4465-9551-2E48EDF35320\Compiler\QNX650_520\target\qnx6/ppcbe/lib/libm.so
LOAD c:/programdata/dspace/071346ea-bffa-4465-9551-2e48edf35320/compiler/qnx650_520/host/win32/x86/usr/bin/../lib/gcc/powerpc-unknown-nto-qnx6.5.0/5.2.0\libgcc.a
LOAD C:\ProgramData\dSPACE\071346EA-BFFA-4465-9551-2E48EDF35320\Compiler\QNX650_520\target\qnx6/ppcbe/lib/libc.so
LOAD C:\ProgramData\dSPACE\071346EA-BFFA-4465-9551-2E48EDF35320\Compiler\QNX650_520\target\qnx6/ppcbe/lib\libc.a
LOAD c:/programdata/dspace/071346ea-bffa-4465-9551-2e48edf35320/compiler/qnx650_520/host/win32/x86/usr/bin/../lib/gcc/powerpc-unknown-nto-qnx6.5.0/5.2.0\libgcc.a
LOAD c:/programdata/dspace/071346ea-bffa-4465-9551-2e48edf35320/compiler/qnx650_520/host/win32/x86/usr/bin/../lib/gcc/powerpc-unknown-nto-qnx6.5.0/5.2.0/crtend.o
LOAD C:\ProgramData\dSPACE\071346EA-BFFA-4465-9551-2E48EDF35320\Compiler\QNX650_520\target\qnx6/ppcbe/lib/crtn.o
                [!provide]                        PROVIDE (__stack, 0x0)
                [!provide]                        PROVIDE (___stack, 0x0)
                [!provide]                        PROVIDE (__executable_start, 0x48040000)
                0x0000000048040134                . = (0x48040000 + SIZEOF_HEADERS)

.interp         0x0000000048040134       0x14
 *(.interp)
 .interp        0x0000000048040134       0x14 C:\ProgramData\dSPACE\071346EA-BFFA-4465-9551-2E48EDF35320\Compiler\QNX650_520\target\qnx6/ppcbe/lib/crt1.o

.note           0x0000000048040150       0x18
 .note          0x0000000048040150       0x18 C:\ProgramData\dSPACE\071346EA-BFFA-4465-9551-2E48EDF35320\Compiler\QNX650_520\target\qnx6/ppcbe/lib/crtn.o

.note.gnu.build-id
                0x0000000048040168       0x20
 *(.note.gnu.build-id)
 .note.gnu.build-id
                0x0000000048040168       0x20 C:\ProgramData\dSPACE\071346EA-BFFA-4465-9551-2E48EDF35320\Compiler\QNX650_520\target\qnx6/ppcbe/lib/crt1.o

.hash           0x0000000048040188      0x348
 *(.hash)
 .hash          0x0000000048040188      0x348 C:\ProgramData\dSPACE\071346EA-BFFA-4465-9551-2E48EDF35320\Compiler\QNX650_520\target\qnx6/ppcbe/lib/crt1.o

.gnu.hash
 *(.gnu.hash)

.dynsym         0x00000000480404d0      0x6f0
 *(.dynsym)
 .dynsym        0x00000000480404d0      0x6f0 C:\ProgramData\dSPACE\071346EA-BFFA-4465-9551-2E48EDF35320\Compiler\QNX650_520\target\qnx6/ppcbe/lib/crt1.o

.dynstr         0x0000000048040bc0      0x908
 *(.dynstr)
 .dynstr        0x0000000048040bc0      0x908 C:\ProgramData\dSPACE\071346EA-BFFA-4465-9551-2E48EDF35320\Compiler\QNX650_520\target\qnx6/ppcbe/lib/crt1.o

.gnu.version    0x00000000480414c8        0x0
 *(.gnu.version)
 .gnu.version   0x00000000480414c8        0x0 C:\ProgramData\dSPACE\071346EA-BFFA-4465-9551-2E48EDF35320\Compiler\QNX650_520\target\qnx6/ppcbe/lib/crt1.o

.gnu.version_d  0x00000000480414c8        0x0
 *(.gnu.version_d)
 .gnu.version_d
                0x00000000480414c8        0x0 C:\ProgramData\dSPACE\071346EA-BFFA-4465-9551-2E48EDF35320\Compiler\QNX650_520\target\qnx6/ppcbe/lib/crt1.o

.gnu.version_r  0x00000000480414c8        0x0
 *(.gnu.version_r)
 .gnu.version_r
                0x00000000480414c8        0x0 C:\ProgramData\dSPACE\071346EA-BFFA-4465-9551-2E48EDF35320\Compiler\QNX650_520\target\qnx6/ppcbe/lib/crt1.o

.rel.dyn
 *(.rel.init)
 *(.rel.text .rel.text.* .rel.gnu.linkonce.t.*)
 *(.rel.fini)
 *(.rel.rodata .rel.rodata.* .rel.gnu.linkonce.r.*)
 *(.rel.data.rel.ro* .rel.gnu.linkonce.d.rel.ro.*)
 *(.rel.data .rel.data.* .rel.gnu.linkonce.d.*)
 *(.rel.tdata .rel.tdata.* .rel.gnu.linkonce.td.*)
 *(.rel.tbss .rel.tbss.* .rel.gnu.linkonce.tb.*)
 *(.rel.ctors)
 *(.rel.dtors)
 *(.rel.got)
 *(.rel.sdata .rel.sdata.* .rel.gnu.linkonce.s.*)
 *(.rel.sbss .rel.sbss.* .rel.gnu.linkonce.sb.*)
 *(.rel.sdata2 .rel.sdata2.* .rel.gnu.linkonce.s2.*)
 *(.rel.sbss2 .rel.sbss2.* .rel.gnu.linkonce.sb2.*)
 *(.rel.bss .rel.bss.* .rel.gnu.linkonce.b.*)

.rela.dyn       0x00000000480414c8       0x6c
 *(.rela.init)
 *(.rela.text .rela.text.* .rela.gnu.linkonce.t.*)
 .rela.text     0x00000000480414c8        0x0 C:\ProgramData\dSPACE\071346EA-BFFA-4465-9551-2E48EDF35320\Compiler\QNX650_520\target\qnx6/ppcbe/lib/crt1.o
 *(.rela.fini)
 *(.rela.rodata .rela.rodata.* .rela.gnu.linkonce.r.*)
 .rela.rodata   0x00000000480414c8        0x0 C:\ProgramData\dSPACE\071346EA-BFFA-4465-9551-2E48EDF35320\Compiler\QNX650_520\target\qnx6/ppcbe/lib/crt1.o
 *(.rela.data .rela.data.* .rela.gnu.linkonce.d.*)
 *(.rela.tdata .rela.tdata.* .rela.gnu.linkonce.td.*)
 *(.rela.tbss .rela.tbss.* .rela.gnu.linkonce.tb.*)
 *(.rela.ctors)
 *(.rela.dtors)
 *(.rela.got)
 .rela.got      0x00000000480414c8       0x48 C:\ProgramData\dSPACE\071346EA-BFFA-4465-9551-2E48EDF35320\Compiler\QNX650_520\target\qnx6/ppcbe/lib/crt1.o
 *(.rela.got1)
 *(.rela.got2)
 *(.rela.sdata .rela.sdata.* .rela.gnu.linkonce.s.*)
 *(.rela.sbss .rela.sbss.* .rela.gnu.linkonce.sb.*)
 .rela.sbss     0x0000000048041510        0x0 C:\ProgramData\dSPACE\071346EA-BFFA-4465-9551-2E48EDF35320\Compiler\QNX650_520\target\qnx6/ppcbe/lib/crt1.o
 *(.rela.sdata2 .rela.sdata2.* .rela.gnu.linkonce.s2.*)
 *(.rela.sbss2 .rela.sbss2.* .rela.gnu.linkonce.sb2.*)
 *(.rela.bss .rela.bss.* .rela.gnu.linkonce.b.*)
 .rela.bss      0x0000000048041510       0x24 C:\ProgramData\dSPACE\071346EA-BFFA-4465-9551-2E48EDF35320\Compiler\QNX650_520\target\qnx6/ppcbe/lib/crt1.o
 .rela.iplt     0x0000000048041534        0x0 C:\ProgramData\dSPACE\071346EA-BFFA-4465-9551-2E48EDF35320\Compiler\QNX650_520\target\qnx6/ppcbe/lib/crt1.o

.rel.plt
 *(.rel.plt)

.rela.plt       0x0000000048041534      0x444
 *(.rela.plt)
 .rela.plt      0x0000000048041534      0x444 C:\ProgramData\dSPACE\071346EA-BFFA-4465-9551-2E48EDF35320\Compiler\QNX650_520\target\qnx6/ppcbe/lib/crt1.o

.init           0x0000000048041978       0x24
 *(.init)
 .init          0x0000000048041978        0xc C:\ProgramData\dSPACE\071346EA-BFFA-4465-9551-2E48EDF35320\Compiler\QNX650_520\target\qnx6/ppcbe/lib/crti.o
                0x0000000048041978                _init
 .init          0x0000000048041984        0x4 c:/programdata/dspace/071346ea-bffa-4465-9551-2e48edf35320/compiler/qnx650_520/host/win32/x86/usr/bin/../lib/gcc/powerpc-unknown-nto-qnx6.5.0/5.2.0/crtbegin.o
 .init          0x0000000048041988        0x4 c:/programdata/dspace/071346ea-bffa-4465-9551-2e48edf35320/compiler/qnx650_520/host/win32/x86/usr/bin/../lib/gcc/powerpc-unknown-nto-qnx6.5.0/5.2.0/crtend.o
 .init          0x000000004804198c       0x10 C:\ProgramData\dSPACE\071346EA-BFFA-4465-9551-2E48EDF35320\Compiler\QNX650_520\target\qnx6/ppcbe/lib/crtn.o

.text           0x00000000480419a0     0x5cfc
                0x00000000480419a0                _btext = .
 *(.text .stub .text.* .gnu.linkonce.t.*)
 .text          0x00000000480419a0      0x118 C:\ProgramData\dSPACE\071346EA-BFFA-4465-9551-2E48EDF35320\Compiler\QNX650_520\target\qnx6/ppcbe/lib/crt1.o
                0x00000000480419a0                _start
 .text          0x0000000048041ab8        0x0 C:\ProgramData\dSPACE\071346EA-BFFA-4465-9551-2E48EDF35320\Compiler\QNX650_520\target\qnx6/ppcbe/lib/crti.o
 .text          0x0000000048041ab8      0x2b0 c:/programdata/dspace/071346ea-bffa-4465-9551-2e48edf35320/compiler/qnx650_520/host/win32/x86/usr/bin/../lib/gcc/powerpc-unknown-nto-qnx6.5.0/5.2.0/crtbegin.o
 *fill*         0x0000000048041d68        0x8 00000000
 .text          0x0000000048041d70      0xa20 Control_APF7_algoritmo_wrapper.o07
                0x0000000048041d70                Control_APF7_algoritmo_Outputs_wrapper
 .text          0x0000000048042790       0x1c seguidor_wrapper.o07
                0x0000000048042790                seguidor_Outputs_wrapper
 *fill*         0x00000000480427ac        0x4 00000000
 .text          0x00000000480427b0       0x64 seguidor12_wrapper.o07
                0x00000000480427b0                seguidor12_Outputs_wrapper
 *fill*         0x0000000048042814        0xc 00000000
 .text          0x0000000048042820       0x34 seguidor3_wrapper.o07
                0x0000000048042820                seguidor3_Outputs_wrapper
 *fill*         0x0000000048042854        0xc 00000000
 .text          0x0000000048042860       0x1c seguidor4_wrapper.o07
                0x0000000048042860                seguidor4_Outputs_wrapper
 *fill*         0x000000004804287c        0x4 00000000
 .text          0x0000000048042880       0x14 seguidor_2S_wrapper.o07
                0x0000000048042880                seguidor_2S_Outputs_wrapper
 *fill*         0x0000000048042894        0xc 00000000
 .text          0x00000000480428a0     0x1b18 Control_APF7_nuevo_MicroLabBox.o07
                0x0000000048042b70                rt_TDelayInterpolate
                0x0000000048042ba0                look1_binlxpw
                0x0000000048042cb0                rt_remd_snf
                0x0000000048042df0                Control_APF7_nuevo_MicroLabBox_output
                0x0000000048043e60                Control_APF7_nuevo_MicroLabBox_update
                0x0000000048044010                Control_APF7_nuevo_MicroLabBox_initialize
                0x0000000048044170                Control_APF7_nuevo_MicroLabBox_terminate
 *fill*         0x00000000480443b8        0x8 00000000
 .text          0x00000000480443c0       0x58 Control_APF7_nuevo_MicroLabBox_capi.o07
                0x00000000480443c0                Control_APF7_nuevo_MicroLabBox_GetCAPIStaticMap
                0x00000000480443d0                Control_APF7_nuevo_MicroLabBox_InitializeDataMapInfo
 .text          0x0000000048044418        0x0 Control_APF7_nuevo_MicroLabBox_data.o07
 .text          0x0000000048044418       0xa4 Control_APF7_nuevo_MicroLabBox_trc_ptr.o07
                0x0000000048044488                Control_APF7_nuevo_MicroLabBox_rti_init_trc_pointers
 *fill*         0x00000000480444bc        0x4 00000000
 .text          0x00000000480444c0       0x5c rtGetInf.o07
                0x00000000480444c0                rtGetInf
                0x00000000480444e0                rtGetInfF
                0x00000000480444f0                rtGetMinusInf
                0x0000000048044510                rtGetMinusInfF
 *fill*         0x000000004804451c        0x4 00000000
 .text          0x0000000048044520       0x3c rtGetNaN.o07
                0x0000000048044520                rtGetNaN
                0x0000000048044550                rtGetNaNF
 *fill*         0x000000004804455c        0x4 00000000
 .text          0x0000000048044560      0x158 rt_nonfinite.o07
                0x0000000048044560                rt_InitInfAndNaN
                0x00000000480445c0                rtIsInf
                0x00000000480445f0                rtIsInfF
                0x0000000048044620                rtIsNaN
                0x0000000048044670                rtIsNaNF
 *fill*         0x00000000480446b8        0x8 00000000
 .text          0x00000000480446c0      0xcb4 rti_sim_engine.o07
                0x0000000048045300                rtk_idle_function
                0x0000000048045310                rti_th_timertask1_trigger_source
                0x0000000048045360                initConditions
                0x0000000048045370                initVariables
 *fill*         0x0000000048045374        0xc 00000000
 .text.startup  0x0000000048045380     0x1708 rti_sim_engine.o07
                0x0000000048045380                main
 *fill*         0x0000000048046a88        0x8 00000000
 .text          0x0000000048046a90       0x40 rti_init_c.o07
                0x0000000048046a90                rti_init
 .text          0x0000000048046ad0       0x44 rt_sim.o07
                0x0000000048046ad0                rt_SimInitTimingEngine
                0x0000000048046b00                rt_SimGetNextSampleHit
                0x0000000048046b10                rt_SimUpdateDiscreteTaskSampleHits
 *fill*         0x0000000048046b14        0xc 00000000
 .text          0x0000000048046b20       0xd4 rti_assert.o07
                0x0000000048046b20                rti_assertion_handler
                0x0000000048046bb0                rti_assertion_mode_msg
 .text          0x0000000048046bf4        0x0 C:\Program Files\dSPACE RCPHIL 2018-A\DS1202\Lib/librtversion.a(RtVersion.o)
 *fill*         0x0000000048046bf4        0xc 00000000
 .text          0x0000000048046c00        0x4 C:\Program Files\dSPACE RCPHIL 2018-A\DS1202\Lib/librtglobals.a(DsEESPort.o)
                0x0000000048046c00                DsEesPort_init()
 .text          0x0000000048046c04       0x20 C:\Program Files\dSPACE RCPHIL 2018-A\DS1202\Lib/libm_fastpow.a(w_pow.o)
                0x0000000048046c04                pow
 .text          0x0000000048046c24      0x85c C:\Program Files\dSPACE RCPHIL 2018-A\DS1202\Lib/libm_fastpow.a(e_pow.o)
                0x0000000048046c24                __ieee754_pow
 .text          0x0000000048047480      0x188 C:\Program Files\dSPACE RCPHIL 2018-A\DS1202\Lib/libm_fastpow.a(s_scalbn.o)
                0x0000000048047480                scalbn
 .text          0x0000000048047608       0x94 c:/programdata/dspace/071346ea-bffa-4465-9551-2e48edf35320/compiler/qnx650_520/host/win32/x86/usr/bin/../lib/gcc/powerpc-unknown-nto-qnx6.5.0/5.2.0/crtend.o
 .text          0x000000004804769c        0x0 C:\ProgramData\dSPACE\071346EA-BFFA-4465-9551-2E48EDF35320\Compiler\QNX650_520\target\qnx6/ppcbe/lib/crtn.o
 *(.gnu.warning)
 *(.glink)
 .glink         0x000000004804769c        0x0 C:\ProgramData\dSPACE\071346EA-BFFA-4465-9551-2E48EDF35320\Compiler\QNX650_520\target\qnx6/ppcbe/lib/crt1.o

.fini           0x000000004804769c       0x20
 *(.fini)
 .fini          0x000000004804769c        0xc C:\ProgramData\dSPACE\071346EA-BFFA-4465-9551-2E48EDF35320\Compiler\QNX650_520\target\qnx6/ppcbe/lib/crti.o
                0x000000004804769c                _fini
 .fini          0x00000000480476a8        0x4 c:/programdata/dspace/071346ea-bffa-4465-9551-2e48edf35320/compiler/qnx650_520/host/win32/x86/usr/bin/../lib/gcc/powerpc-unknown-nto-qnx6.5.0/5.2.0/crtbegin.o
 .fini          0x00000000480476ac       0x10 C:\ProgramData\dSPACE\071346EA-BFFA-4465-9551-2E48EDF35320\Compiler\QNX650_520\target\qnx6/ppcbe/lib/crtn.o
                [!provide]                        PROVIDE (__etext, .)
                0x00000000480476bc                PROVIDE (_etext, .)
                [!provide]                        PROVIDE (etext, .)

.rodata         0x00000000480476c0     0x1c98
 *(.rodata .rodata.* .gnu.linkonce.r.*)
 .rodata.cst4   0x00000000480476c0       0x1c Control_APF7_algoritmo_wrapper.o07
 *fill*         0x00000000480476dc        0x4 
 .rodata.cst8   0x00000000480476e0       0x40 Control_APF7_algoritmo_wrapper.o07
 .rodata        0x0000000048047720        0x4 Control_APF7_nuevo_MicroLabBox.o07
                0x0000000048047720                Control_APF7_nuevo_MicroLabB_M
 .rodata.cst4   0x0000000048047724       0x14 Control_APF7_nuevo_MicroLabBox.o07
                                         0x1c (size before relaxing)
 .rodata.cst8   0x0000000048047738       0x18 Control_APF7_nuevo_MicroLabBox.o07
 .rodata.str1.4
                0x0000000048047750       0x12 Control_APF7_nuevo_MicroLabBox.o07
 *fill*         0x0000000048047762        0x6 
 .rodata        0x0000000048047768      0x850 Control_APF7_nuevo_MicroLabBox_capi.o07
 .rodata.str1.4
                0x0000000048047fb8      0xee0 Control_APF7_nuevo_MicroLabBox_capi.o07
                                        0xee4 (size before relaxing)
 .rodata.cst4   0x0000000048048e98        0x8 rtGetInf.o07
 .rodata.cst4   0x0000000048048ea0        0x4 rtGetNaN.o07
 .rodata        0x0000000048048ea4        0xc rti_sim_engine.o07
                0x0000000048048ea4                rtiDataSetStorageEnabled
                0x0000000048048ea8                p_dsts_sum_of_reset_time
                0x0000000048048eac                p_msg_last_error_no
 .rodata.cst4   0x0000000048048eb0        0x8 rti_sim_engine.o07
 .rodata.cst8   0x0000000048048eb0        0x8 rti_sim_engine.o07
                                         0x10 (size before relaxing)
 .rodata.str1.4
                0x0000000048048eb8      0x268 rti_sim_engine.o07
 .rodata.cst4   0x0000000048049120        0x4 rt_sim.o07
                                          0x8 (size before relaxing)
 .rodata.str1.4
                0x0000000048049124       0x71 rt_sim.o07
 *fill*         0x0000000048049195        0x3 
 .rodata.str1.4
                0x0000000048049198       0x70 rti_assert.o07
                                         0x6d (size before relaxing)
 .rodata        0x0000000048049208       0x30 C:\Program Files\dSPACE RCPHIL 2018-A\DS1202\Lib/libm_fastpow.a(e_pow.o)
 .rodata.cst4   0x0000000048049238        0x8 C:\Program Files\dSPACE RCPHIL 2018-A\DS1202\Lib/libm_fastpow.a(e_pow.o)
 .rodata.cst8   0x0000000048049240       0xe8 C:\Program Files\dSPACE RCPHIL 2018-A\DS1202\Lib/libm_fastpow.a(e_pow.o)
 .rodata.cst8   0x0000000048049328       0x30 C:\Program Files\dSPACE RCPHIL 2018-A\DS1202\Lib/libm_fastpow.a(s_scalbn.o)

.rodata1
 *(.rodata1)

.sdata2         0x0000000048049358        0x0
                0x0000000000008000                PROVIDE (_SDA2_BASE_, 0x8000)
 *(.sdata2 .sdata2.* .gnu.linkonce.s2.*)
 .sdata2        0x0000000048049358        0x0 C:\ProgramData\dSPACE\071346EA-BFFA-4465-9551-2E48EDF35320\Compiler\QNX650_520\target\qnx6/ppcbe/lib/crt1.o

.sbss2
 *(.sbss2 .sbss2.* .gnu.linkonce.sb2.*)

.eh_frame_hdr   0x0000000048049358       0x14
 *(.eh_frame_hdr)
 .eh_frame_hdr  0x0000000048049358       0x14 C:\Program Files\dSPACE RCPHIL 2018-A\DS1202\Lib/librtglobals.a(DsEESPort.o)

.eh_frame       0x000000004804936c       0x2c
 *(.eh_frame)
 .eh_frame      0x000000004804936c        0x0 C:\ProgramData\dSPACE\071346EA-BFFA-4465-9551-2E48EDF35320\Compiler\QNX650_520\target\qnx6/ppcbe/lib/crt1.o
 .eh_frame      0x000000004804936c        0x0 c:/programdata/dspace/071346ea-bffa-4465-9551-2e48edf35320/compiler/qnx650_520/host/win32/x86/usr/bin/../lib/gcc/powerpc-unknown-nto-qnx6.5.0/5.2.0/crtbegin.o
 .eh_frame      0x000000004804936c       0x28 C:\Program Files\dSPACE RCPHIL 2018-A\DS1202\Lib/librtglobals.a(DsEESPort.o)
 .eh_frame      0x0000000048049394        0x4 c:/programdata/dspace/071346ea-bffa-4465-9551-2e48edf35320/compiler/qnx650_520/host/win32/x86/usr/bin/../lib/gcc/powerpc-unknown-nto-qnx6.5.0/5.2.0/crtend.o

.gcc_except_table
 *(.gcc_except_table .gcc_except_table.*)
                0x0000000048049398                . = (ALIGN (0x1000) - ((0x1000 - .) & 0xfff))
                0x000000004804a398                . = DATA_SEGMENT_ALIGN (0x1000, 0x1000)

.eh_frame
 *(.eh_frame)

.gcc_except_table
 *(.gcc_except_table .gcc_except_table.*)

.tdata
 *(.tdata .tdata.* .gnu.linkonce.td.*)

.tbss
 *(.tbss .tbss.* .gnu.linkonce.tb.*)
 *(.tcommon)

.preinit_array  0x000000004804a398        0x0
                0x000000004804a398                PROVIDE (__preinit_array_start, .)
 *(.preinit_array)
                0x000000004804a398                PROVIDE (__preinit_array_end, .)

.init_array     0x000000004804a398        0x0
                0x000000004804a398                PROVIDE (__init_array_start, .)
 *(SORT(.init_array.*))
 *(.init_array)
                0x000000004804a398                PROVIDE (__init_array_end, .)

.fini_array     0x000000004804a398        0x0
                0x000000004804a398                PROVIDE (__fini_array_start, .)
 *(.fini_array)
 *(SORT(.fini_array.*))
                0x000000004804a398                PROVIDE (__fini_array_end, .)

.ctors          0x000000004804a398        0x8
 *crtbegin.o(.ctors)
 .ctors         0x000000004804a398        0x4 c:/programdata/dspace/071346ea-bffa-4465-9551-2e48edf35320/compiler/qnx650_520/host/win32/x86/usr/bin/../lib/gcc/powerpc-unknown-nto-qnx6.5.0/5.2.0/crtbegin.o
 *crtbegin?.o(.ctors)
 *(EXCLUDE_FILE(*crtend?.o *crtend.o) .ctors)
 *(SORT(.ctors.*))
 *(.ctors)
 .ctors         0x000000004804a39c        0x4 c:/programdata/dspace/071346ea-bffa-4465-9551-2e48edf35320/compiler/qnx650_520/host/win32/x86/usr/bin/../lib/gcc/powerpc-unknown-nto-qnx6.5.0/5.2.0/crtend.o

.dtors          0x000000004804a3a0        0x8
 *crtbegin.o(.dtors)
 .dtors         0x000000004804a3a0        0x4 c:/programdata/dspace/071346ea-bffa-4465-9551-2e48edf35320/compiler/qnx650_520/host/win32/x86/usr/bin/../lib/gcc/powerpc-unknown-nto-qnx6.5.0/5.2.0/crtbegin.o
 *crtbegin?.o(.dtors)
 *(EXCLUDE_FILE(*crtend?.o *crtend.o) .dtors)
 *(SORT(.dtors.*))
 *(.dtors)
 .dtors         0x000000004804a3a4        0x4 c:/programdata/dspace/071346ea-bffa-4465-9551-2e48edf35320/compiler/qnx650_520/host/win32/x86/usr/bin/../lib/gcc/powerpc-unknown-nto-qnx6.5.0/5.2.0/crtend.o
                0x000000004804a3a4                __DTOR_END__

.jcr            0x000000004804a3a8        0x4
 *(.jcr)
 .jcr           0x000000004804a3a8        0x0 c:/programdata/dspace/071346ea-bffa-4465-9551-2e48edf35320/compiler/qnx650_520/host/win32/x86/usr/bin/../lib/gcc/powerpc-unknown-nto-qnx6.5.0/5.2.0/crtbegin.o
 .jcr           0x000000004804a3a8        0x4 c:/programdata/dspace/071346ea-bffa-4465-9551-2e48edf35320/compiler/qnx650_520/host/win32/x86/usr/bin/../lib/gcc/powerpc-unknown-nto-qnx6.5.0/5.2.0/crtend.o

.data.rel.ro
 *(.data.rel.ro.local* .gnu.linkonce.d.rel.ro.local.*)
 *(.data.rel.ro* .gnu.linkonce.d.rel.ro.*)

.fixup
 *(.fixup)

.got1
 *(.got1)

.got2
 *(.got2)

.dynamic        0x000000004804a3ac      0x100
 *(.dynamic)
 .dynamic       0x000000004804a3ac      0x100 C:\ProgramData\dSPACE\071346EA-BFFA-4465-9551-2E48EDF35320\Compiler\QNX650_520\target\qnx6/ppcbe/lib/crt1.o
                0x000000004804a3ac                _DYNAMIC

.got
 *(.got)
                0x000000004804a4ac                . = DATA_SEGMENT_RELRO_END (., 0x0)

.plt
 *(.plt)

.data           0x000000004804a4b0      0x460
 *(.data .data.* .gnu.linkonce.d.*)
 .data          0x000000004804a4b0        0x0 C:\ProgramData\dSPACE\071346EA-BFFA-4465-9551-2E48EDF35320\Compiler\QNX650_520\target\qnx6/ppcbe/lib/crt1.o
 .data          0x000000004804a4b0        0x0 C:\ProgramData\dSPACE\071346EA-BFFA-4465-9551-2E48EDF35320\Compiler\QNX650_520\target\qnx6/ppcbe/lib/crti.o
 .data          0x000000004804a4b0        0x0 c:/programdata/dspace/071346ea-bffa-4465-9551-2e48edf35320/compiler/qnx650_520/host/win32/x86/usr/bin/../lib/gcc/powerpc-unknown-nto-qnx6.5.0/5.2.0/crtbegin.o
 .data.rel.local
                0x000000004804a4b0        0x4 c:/programdata/dspace/071346ea-bffa-4465-9551-2e48edf35320/compiler/qnx650_520/host/win32/x86/usr/bin/../lib/gcc/powerpc-unknown-nto-qnx6.5.0/5.2.0/crtbegin.o
                0x000000004804a4b0                __dso_handle
 .data          0x000000004804a4b4       0xc4 Control_APF7_algoritmo_wrapper.o07
                0x000000004804a4b4                XI
                0x000000004804a55c                Vc
 .data          0x000000004804a578        0x0 seguidor_wrapper.o07
 .data          0x000000004804a578        0x0 seguidor12_wrapper.o07
 .data          0x000000004804a578        0x0 seguidor3_wrapper.o07
 .data          0x000000004804a578        0x0 seguidor4_wrapper.o07
 .data          0x000000004804a578        0x0 seguidor_2S_wrapper.o07
 .data          0x000000004804a578        0x0 Control_APF7_nuevo_MicroLabBox.o07
 .data          0x000000004804a578      0x174 Control_APF7_nuevo_MicroLabBox_capi.o07
 *fill*         0x000000004804a6ec        0x4 
 .data          0x000000004804a6f0      0x200 Control_APF7_nuevo_MicroLabBox_data.o07
                0x000000004804a6f0                Control_APF7_nuevo_MicroLabBo_P
 .data          0x000000004804a8f0        0x0 Control_APF7_nuevo_MicroLabBox_trc_ptr.o07
 .data          0x000000004804a8f0        0x0 rtGetInf.o07
 .data          0x000000004804a8f0        0x0 rtGetNaN.o07
 .data          0x000000004804a8f0        0x0 rt_nonfinite.o07
 .data          0x000000004804a8f0       0x14 rti_sim_engine.o07
                0x000000004804a8f0                simState
                0x000000004804a900                lastSimState
 .data          0x000000004804a904        0x0 rti_init_c.o07
 .data          0x000000004804a904        0x0 rt_sim.o07
 .data          0x000000004804a904        0x0 rti_assert.o07
 .data          0x000000004804a904        0x0 C:\Program Files\dSPACE RCPHIL 2018-A\DS1202\Lib/librtversion.a(RtVersion.o)
 .data          0x000000004804a904        0x0 C:\Program Files\dSPACE RCPHIL 2018-A\DS1202\Lib/librtglobals.a(DsEESPort.o)
 .data.rel      0x000000004804a904        0xc C:\Program Files\dSPACE RCPHIL 2018-A\DS1202\Lib/librtglobals.a(DsEESPort.o)
                0x000000004804a904                p_xilapi_eesport_errorswitching_uint32_T
                0x000000004804a908                p_xilapi_eesport_erroractivated_uint32_T
                0x000000004804a90c                p_xilapi_eesport_activeerrorset_uint32_T
 .data          0x000000004804a910        0x0 C:\Program Files\dSPACE RCPHIL 2018-A\DS1202\Lib/libm_fastpow.a(w_pow.o)
 .data          0x000000004804a910        0x0 C:\Program Files\dSPACE RCPHIL 2018-A\DS1202\Lib/libm_fastpow.a(e_pow.o)
 .data          0x000000004804a910        0x0 C:\Program Files\dSPACE RCPHIL 2018-A\DS1202\Lib/libm_fastpow.a(s_scalbn.o)
 .data          0x000000004804a910        0x0 c:/programdata/dspace/071346ea-bffa-4465-9551-2e48edf35320/compiler/qnx650_520/host/win32/x86/usr/bin/../lib/gcc/powerpc-unknown-nto-qnx6.5.0/5.2.0/crtend.o
 .data          0x000000004804a910        0x0 C:\ProgramData\dSPACE\071346EA-BFFA-4465-9551-2E48EDF35320\Compiler\QNX650_520\target\qnx6/ppcbe/lib/crtn.o

.tm_clone_table
                0x000000004804a910        0x0
 .tm_clone_table
                0x000000004804a910        0x0 c:/programdata/dspace/071346ea-bffa-4465-9551-2e48edf35320/compiler/qnx650_520/host/win32/x86/usr/bin/../lib/gcc/powerpc-unknown-nto-qnx6.5.0/5.2.0/crtbegin.o
 .tm_clone_table
                0x000000004804a910        0x0 c:/programdata/dspace/071346ea-bffa-4465-9551-2e48edf35320/compiler/qnx650_520/host/win32/x86/usr/bin/../lib/gcc/powerpc-unknown-nto-qnx6.5.0/5.2.0/crtend.o

.data1
 *(.data1)

.got            0x000000004804a910       0x54
 *(.got)
 .got           0x000000004804a910       0x54 C:\ProgramData\dSPACE\071346EA-BFFA-4465-9551-2E48EDF35320\Compiler\QNX650_520\target\qnx6/ppcbe/lib/crt1.o
                0x000000004804a958                _GLOBAL_OFFSET_TABLE_

.sdata          0x000000004804a964        0x0
                0x0000000000008000                PROVIDE (_SDA_BASE_, 0x8000)
 *(.sdata .sdata.* .gnu.linkonce.s.*)
 .sdata         0x000000004804a964        0x0 C:\ProgramData\dSPACE\071346EA-BFFA-4465-9551-2E48EDF35320\Compiler\QNX650_520\target\qnx6/ppcbe/lib/crt1.o
                0x000000004804a964                _edata = .
                [!provide]                        PROVIDE (edata, .)
                0x000000004804a964                __bss_start = .

.sbss           0x000000004804a964        0x0
                [!provide]                        PROVIDE (__sbss_start, .)
                [!provide]                        PROVIDE (___sbss_start, .)
 *(.dynsbss)
 .dynsbss       0x000000004804a964        0x0 C:\ProgramData\dSPACE\071346EA-BFFA-4465-9551-2E48EDF35320\Compiler\QNX650_520\target\qnx6/ppcbe/lib/crt1.o
 *(.sbss .sbss.* .gnu.linkonce.sb.*)
 *(.scommon)
                [!provide]                        PROVIDE (__sbss_end, .)
                [!provide]                        PROVIDE (___sbss_end, .)

.plt            0x000000004804a964      0x48c
 *(.plt)
 .plt           0x000000004804a964      0x48c C:\ProgramData\dSPACE\071346EA-BFFA-4465-9551-2E48EDF35320\Compiler\QNX650_520\target\qnx6/ppcbe/lib/crt1.o
                0x000000004804a9ac                ts_reset
                0x000000004804a9b4                __register_frame_info
                0x000000004804a9bc                msg_error_clear
                0x000000004804a9c4                AdcCl1AnalogIn_read
                0x000000004804a9cc                dsrtt_set_current_time
                0x000000004804a9d4                sqrt
                0x000000004804a9dc                rtk_current_task_absolute_time_ptr_get
                0x000000004804a9e4                DsTimeSync_simstateRun
                0x000000004804a9ec                DioCl1PwmOut_setPeriod
                0x000000004804a9f4                floor
                0x000000004804a9fc                DioCl1PwmOut_setOutputHighZ
                0x000000004804aa04                rtk_setup_temp_overrun_handling
                0x000000004804aa0c                DioCl1DigOut_setChMaskOutData
                0x000000004804aa14                ceil
                0x000000004804aa1c                SrtkIntBase_requestTaskMode
                0x000000004804aa24                rtk_reset_tasks
                0x000000004804aa2c                __cxa_finalize
                0x000000004804aa34                _init_array
                0x000000004804aa3c                rtk_set_task_type
                0x000000004804aa44                DsTimeSync_baserate
                0x000000004804aa4c                rtk_task_name_set
                0x000000004804aa54                DioCl1DigOut_setChMaskOutHighZ
                0x000000004804aa5c                dsrtt_script_service_post_computation
                0x000000004804aa64                rtk_create_task
                0x000000004804aa6c                msg_warning_printf
                0x000000004804aa74                DioCl1PwmOut_start
                0x000000004804aa7c                msg_last_error_number
                0x000000004804aa84                AdcCl1AnalogIn_setConversTrigger
                0x000000004804aa8c                dsparam_copy_data_set
                0x000000004804aa94                SrtkPreload_preloadRegion
                0x000000004804aa9c                msg_error_set
                0x000000004804aaa4                rtk_enable_services
                0x000000004804aaac                SrtkDaq_Init
                0x000000004804aab4                DioCl1DigOut_setSignalVoltage
                0x000000004804aabc                rtk_task_task_calls_get
                0x000000004804aac4                DsTimeSync_setCurrentTimePtr
                0x000000004804aacc                SrtkIntBase_enableIntGlobal
                0x000000004804aad4                AdcCl1AnalogIn_setConversionMode
                0x000000004804aadc                rtk_overrun_flag_clear
                0x000000004804aae4                rtk_bind_interrupt
                0x000000004804aaec                DioCl1PwmOut_apply
                0x000000004804aaf4                AdcCl1AnalogIn_apply
                0x000000004804aafc                _init_libc
                0x000000004804ab04                DioCl1PwmOut_setEventDownsample
                0x000000004804ab0c                dsrtt_init
                0x000000004804ab14                AdcCl1AnalogIn_write
                0x000000004804ab1c                DioCl1DigOut_write
                0x000000004804ab24                SrtkApp_terminate
                0x000000004804ab2c                DioCl1DigOut_start
                0x000000004804ab34                DioCl1PwmOut_setDutyCycle
                0x000000004804ab3c                AdcCl1AnalogIn_isDataReady
                0x000000004804ab44                msg_info_set
                0x000000004804ab4c                DioCl1PwmOut_create
                0x000000004804ab54                dsrtt_script_service_pre_computation
                0x000000004804ab5c                msg_error_printf
                0x000000004804ab64                memset
                0x000000004804ab6c                DioCl1DigOut_create
                0x000000004804ab74                rtk_leave_idle_mode
                0x000000004804ab7c                fmod
                0x000000004804ab84                __wrap_exit
                0x000000004804ab8c                DioCl1DigOut_apply
                0x000000004804ab94                __wrap_atexit
                0x000000004804ab9c                AdcCl1AnalogIn_start
                0x000000004804aba4                _fini_array
                0x000000004804abac                SrtkDaq_Background
                0x000000004804abb4                _preinit_array
                0x000000004804abbc                SrtkApp_init
                0x000000004804abc4                DioCl1PwmOut_setInvertingMode
                0x000000004804abcc                SrtkDaq_Service
                0x000000004804abd4                rtk_task_task_name_get
                0x000000004804abdc                DioCl1PwmOut_setEventDelay
                0x000000004804abe4                AdcCl1AnalogIn_setConversSwTrigger
                0x000000004804abec                SrtkSim_notifyStateTransition
                0x000000004804abf4                AdcCl1AnalogIn_getSingleValue
                0x000000004804abfc                DioCl1PwmOut_setInterruptMode
                0x000000004804ac04                msg_set
                0x000000004804ac0c                DioCl1PwmOut_setSignalVoltage
                0x000000004804ac14                rtk_get_subentry
                0x000000004804ac1c                DioCl1PwmOut_write
                0x000000004804ac24                dsrtt_set_step_size
                0x000000004804ac2c                rtk_enter_idle_mode
                0x000000004804ac34                DioCl1PwmOut_setUpdateMode
                0x000000004804ac3c                rtk_initialize
                0x000000004804ac44                SrtkApp_background
                0x000000004804ac4c                rtk_default_overrun_fcn
                0x000000004804ac54                AdcCl1AnalogIn_create
                0x000000004804ac5c                vcm_module_register
                0x000000004804ac64                DsTimeSync_simstateStop
                0x000000004804ac6c                SrtkIntBase_disableIntGlobal
                0x000000004804ac74                SrtkSim_registerState
                0x000000004804ac7c                __deregister_frame_info

.bss            0x000000004804adf0     0x8b98
 *(.dynbss)
 .dynbss        0x000000004804adf0       0x14 C:\ProgramData\dSPACE\071346EA-BFFA-4465-9551-2E48EDF35320\Compiler\QNX650_520\target\qnx6/ppcbe/lib/crt1.o
                0x000000004804adf0                errno
                0x000000004804adf8                dsts_sum_of_reseted_time
                0x000000004804ae00                msg_last_error_no
 *(.bss .bss.* .gnu.linkonce.b.*)
 .bss           0x000000004804ae04        0x0 C:\ProgramData\dSPACE\071346EA-BFFA-4465-9551-2E48EDF35320\Compiler\QNX650_520\target\qnx6/ppcbe/lib/crt1.o
 .bss           0x000000004804ae04        0x0 C:\ProgramData\dSPACE\071346EA-BFFA-4465-9551-2E48EDF35320\Compiler\QNX650_520\target\qnx6/ppcbe/lib/crti.o
 .bss           0x000000004804ae04       0x20 c:/programdata/dspace/071346ea-bffa-4465-9551-2e48edf35320/compiler/qnx650_520/host/win32/x86/usr/bin/../lib/gcc/powerpc-unknown-nto-qnx6.5.0/5.2.0/crtbegin.o
 *fill*         0x000000004804ae24        0x4 
 .bss           0x000000004804ae28      0x2ac Control_APF7_algoritmo_wrapper.o07
                0x000000004804ae28                Ts
                0x000000004804ae30                vas_med
                0x000000004804ae34                vbs_med
                0x000000004804ae38                vcs_med
                0x000000004804ae3c                ial_med
                0x000000004804ae40                ibl_med
                0x000000004804ae44                icl_med
                0x000000004804ae48                iac_med
                0x000000004804ae4c                ibc_med
                0x000000004804ae50                icc_med
                0x000000004804ae58                Rc
                0x000000004804ae60                Lc
                0x000000004804ae68                Vdc
                0x000000004804ae6c                dclink_1
                0x000000004804ae70                dclink_2
                0x000000004804ae74                dclink_3
                0x000000004804ae78                kp
                0x000000004804ae7c                ki
                0x000000004804ae80                lamda
                0x000000004804ae84                z
                0x000000004804ae88                e
                0x000000004804ae8c                g
                0x000000004804ae90                f
                0x000000004804ae94                x
                0x000000004804ae98                y
                0x000000004804ae9c                sat
                0x000000004804aea0                isa
                0x000000004804aea8                isb
                0x000000004804aeb0                isc
                0x000000004804aeb8                is_alpha
                0x000000004804aebc                is_beta
                0x000000004804aec0                is0
                0x000000004804aec4                il_alpha
                0x000000004804aec8                il_beta
                0x000000004804aecc                il0
                0x000000004804aed0                vs_alpha
                0x000000004804aed4                vs_beta
                0x000000004804aed8                vs0
                0x000000004804aedc                PL
                0x000000004804aee0                QL
                0x000000004804aee4                PL0
                0x000000004804aee8                PS
                0x000000004804aeec                QS
                0x000000004804aef0                PS0
                0x000000004804aef4                cnt_ciclos
                0x000000004804aef8                PLkm1
                0x000000004804aefc                Pbarkm1
                0x000000004804af00                PLkm2
                0x000000004804af04                Pbarkm2
                0x000000004804af08                Pbar
                0x000000004804af0c                err
                0x000000004804af10                upi_ant
                0x000000004804af14                Tm_pi
                0x000000004804af18                err_ant
                0x000000004804af1c                upi
                0x000000004804af20                Pc
                0x000000004804af24                Qc
                0x000000004804af28                D
                0x000000004804af2c                ic_alpha
                0x000000004804af30                ic_beta
                0x000000004804af34                ica_ref
                0x000000004804af38                icb_ref
                0x000000004804af3c                icc_ref
                0x000000004804af40                C1
                0x000000004804af48                C2
                0x000000004804af50                C3
                0x000000004804af58                fc_Joa
                0x000000004804af60                fc_Job
                0x000000004804af68                fc_Joc
                0x000000004804af70                ioa
                0x000000004804af74                iob
                0x000000004804af78                ioc
                0x000000004804af7c                ind
                0x000000004804af80                ica_km1_men
                0x000000004804af84                icb_km1_men
                0x000000004804af88                icc_km1_men
                0x000000004804af8c                Vc_ind
                0x000000004804af90                dclink_1_km1
                0x000000004804af94                dclink_2_km1
                0x000000004804af98                dclink_3_km1
                0x000000004804af9c                ica_km1
                0x000000004804afa0                icb_km1
                0x000000004804afa4                icc_km1
                0x000000004804afa8                dif_dclink_1
                0x000000004804afac                dif_dclink_2
                0x000000004804afb0                dif_dclink_3
                0x000000004804afb8                dif_a
                0x000000004804afc0                dif_b
                0x000000004804afc8                dif_c
                0x000000004804afd0                fc_Ja
                0x000000004804afd8                fc_Jb
                0x000000004804afe0                fc_Jc
                0x000000004804afe8                vca_ref
                0x000000004804afec                vcb_ref
                0x000000004804aff0                vcc_ref
                0x000000004804aff4                ica_bar
                0x000000004804aff8                icb_bar
                0x000000004804affc                icc_bar
                0x000000004804b000                Ganancia_Icc
                0x000000004804b004                Ganancia_Icb
                0x000000004804b008                Ganancia_Ica
                0x000000004804b00c                Ganancia_Ilc
                0x000000004804b010                Ganancia_Ilb
                0x000000004804b014                Ganancia_Ila
                0x000000004804b018                Ganancia_Vsc
                0x000000004804b01c                Ganancia_Vsb
                0x000000004804b020                Ganancia_Vsa
                0x000000004804b024                Icc_offset
                0x000000004804b028                Icb_offset
                0x000000004804b02c                Ica_offset
                0x000000004804b030                Ilc_offset
                0x000000004804b034                Ilb_offset
                0x000000004804b038                Ila_offset
                0x000000004804b03c                Vsc_offset
                0x000000004804b040                Vsb_offset
                0x000000004804b044                Vsa_offset
                0x000000004804b048                K
                0x000000004804b04c                Varfiltro
                0x000000004804b06c                ic_km1
                0x000000004804b078                Icref
                0x000000004804b084                PLQL
                0x000000004804b08c                vs_alphabeta
                0x000000004804b094                fc
                0x000000004804b0a0                in
 .bss           0x000000004804b0d4        0x0 seguidor_wrapper.o07
 .bss           0x000000004804b0d4        0x0 seguidor12_wrapper.o07
 .bss           0x000000004804b0d4        0x0 seguidor3_wrapper.o07
 .bss           0x000000004804b0d4        0x0 seguidor4_wrapper.o07
 .bss           0x000000004804b0d4        0x0 seguidor_2S_wrapper.o07
 *fill*         0x000000004804b0d4        0x4 
 .bss           0x000000004804b0d8     0x8798 Control_APF7_nuevo_MicroLabBox.o07
                0x000000004804b0d8                Control_APF7_nuevo_MicroLabBo_B
                0x000000004804b6a0                Control_APF7_nuevo_MicroLabB_DW
                0x00000000480536f8                Control_APF7_nuevo_MicroLabB_M_
 .bss           0x0000000048053870        0x4 Control_APF7_nuevo_MicroLabBox_capi.o07
 .bss           0x0000000048053874        0x0 Control_APF7_nuevo_MicroLabBox_data.o07
 .bss           0x0000000048053874       0x14 Control_APF7_nuevo_MicroLabBox_trc_ptr.o07
                0x0000000048053874                p_0_Control_APF7_nuevo_MicroLabBox_real_T_0
                0x0000000048053878                p_0_Control_APF7_nuevo_MicroLabBox_boolean_T_1
                0x000000004805387c                p_1_Control_APF7_nuevo_MicroLabBox_real_T_0
                0x0000000048053880                p_2_Control_APF7_nuevo_MicroLabBox_real_T_0
                0x0000000048053884                p_2_Control_APF7_nuevo_MicroLabBox_int_T_2
 .bss           0x0000000048053888        0x0 rtGetInf.o07
 .bss           0x0000000048053888        0x0 rtGetNaN.o07
 .bss           0x0000000048053888       0x2c rt_nonfinite.o07
                0x0000000048053888                rtNaN
                0x0000000048053890                rtNaNF
                0x0000000048053898                rtInf
                0x00000000480538a0                rtInfF
                0x00000000480538a8                rtMinusInf
                0x00000000480538b0                rtMinusInfF
 *fill*         0x00000000480538b4        0x4 
 .bss           0x00000000480538b8       0xb8 rti_sim_engine.o07
                0x00000000480538b8                currentTime
                0x00000000480538bc                finalTime
                0x00000000480538c0                modelStepSize
                0x00000000480538c8                pRTIDioC1DigOut_Port_1_Ch_11
                0x00000000480538cc                pRTIDioC1DigOut_Port_1_Ch_12
                0x00000000480538d0                pRTIDioC1DigOut_Port_1_Ch_15
                0x00000000480538d4                pRTIDioC1DigOut_Port_1_Ch_13
                0x00000000480538d8                pRTIDioC1DigOut_Port_1_Ch_14
                0x00000000480538dc                pRTIDioC1DigOut_Port_1_Ch_16
                0x00000000480538e0                pRTIDioC1DigOut_Port_1_Ch_7
                0x00000000480538e4                pRTIDioC1DigOut_Port_1_Ch_2
                0x00000000480538e8                pRTIDioC1DigOut_Port_1_Ch_3
                0x00000000480538ec                pRTIDioC1DigOut_Port_1_Ch_4
                0x00000000480538f0                pRTIDioC1DigOut_Port_1_Ch_5
                0x00000000480538f4                pRTIDioC1DigOut_Port_1_Ch_6
                0x00000000480538f8                pRTIDioC1DigOut_Port_2_Ch_8
                0x00000000480538fc                pRTIDioC1DigOut_Port_2_Ch_2
                0x0000000048053900                pRTIDioC1DigOut_Port_2_Ch_4
                0x0000000048053904                pRTIDioC1DigOut_Port_2_Ch_5
                0x0000000048053908                pRTIDioC1DigOut_Port_2_Ch_6
                0x000000004805390c                pRTIDioC1DigOut_Port_2_Ch_7
                0x0000000048053910                pRTIDioC1PwmOut_Port_3_Ch_1
                0x0000000048053914                pRTIAdcC1AnalogIn_Ch_1
                0x0000000048053918                pRTIAdcC1AnalogIn_Ch_2
                0x000000004805391c                pRTIAdcC1AnalogIn_Ch_3
                0x0000000048053920                pRTIAdcC1AnalogIn_Ch_9
                0x0000000048053924                pRTIAdcC1AnalogIn_Ch_10
                0x0000000048053928                pRTIAdcC1AnalogIn_Ch_11
                0x000000004805392c                pRTIAdcC1AnalogIn_Ch_17
                0x0000000048053930                pRTIAdcC1AnalogIn_Ch_18
                0x0000000048053934                pRTIAdcC1AnalogIn_Ch_19
                0x0000000048053938                pRTIAdcC1AnalogIn_Ch_4
                0x000000004805393c                pRTIAdcC1AnalogIn_Ch_5
                0x0000000048053940                pRTIAdcC1AnalogIn_Ch_6
                0x0000000048053944                taskMode
                0x0000000048053948                pRti_120XDIOCL1PWM_FALLING_EDGEP3Ch1_STime
                0x000000004805394c                pRti_120XDIOCL1PWM_FALLING_EDGEP3Ch1_TTime
                0x0000000048053950                pRti_120XDIOCL1PWM_FALLING_EDGEP3Ch1_TState
                0x0000000048053954                pRti_120XDIOCL1PWM_FALLING_EDGEP3Ch1_OType
                0x0000000048053958                pRti_120XDIOCL1PWM_FALLING_EDGEP3Ch1_OMax
                0x000000004805395c                pRti_120XDIOCL1PWM_FALLING_EDGEP3Ch1_ORpt
                0x0000000048053960                pRti_120XDIOCL1PWM_FALLING_EDGEP3Ch1_OCnt
                0x0000000048053964                pRti_120XDIOCL1PWM_FALLING_EDGEP3Ch1_TCnt
                0x0000000048053968                pRti_120XDIOCL1PWM_FALLING_EDGEP3Ch1_Prio
                0x000000004805396c                rtiAssertionMode
 .bss           0x0000000048053970        0x4 rti_init_c.o07
 .bss           0x0000000048053974        0x0 rt_sim.o07
 .bss           0x0000000048053974        0x0 rti_assert.o07
 .bss           0x0000000048053974        0x0 C:\Program Files\dSPACE RCPHIL 2018-A\DS1202\Lib/librtversion.a(RtVersion.o)
 .bss           0x0000000048053974       0x14 C:\Program Files\dSPACE RCPHIL 2018-A\DS1202\Lib/librtglobals.a(DsEESPort.o)
                0x0000000048053974                xilapi_eesport_trigger_uint32_T
                0x0000000048053978                xilapi_eesport_flags_uint32_T
                0x000000004805397c                xilapi_eesport_errorswitching_uint32_T
                0x0000000048053980                xilapi_eesport_erroractivated_uint32_T
                0x0000000048053984                xilapi_eesport_activeerrorset_uint32_T
 .bss           0x0000000048053988        0x0 C:\Program Files\dSPACE RCPHIL 2018-A\DS1202\Lib/libm_fastpow.a(w_pow.o)
 .bss           0x0000000048053988        0x0 C:\Program Files\dSPACE RCPHIL 2018-A\DS1202\Lib/libm_fastpow.a(e_pow.o)
 .bss           0x0000000048053988        0x0 C:\Program Files\dSPACE RCPHIL 2018-A\DS1202\Lib/libm_fastpow.a(s_scalbn.o)
 .bss           0x0000000048053988        0x0 c:/programdata/dspace/071346ea-bffa-4465-9551-2e48edf35320/compiler/qnx650_520/host/win32/x86/usr/bin/../lib/gcc/powerpc-unknown-nto-qnx6.5.0/5.2.0/crtend.o
 .bss           0x0000000048053988        0x0 C:\ProgramData\dSPACE\071346EA-BFFA-4465-9551-2E48EDF35320\Compiler\QNX650_520\target\qnx6/ppcbe/lib/crtn.o
 *(COMMON)
                0x0000000048053988                . = ALIGN ((. != 0x0)?0x4:0x1)

.iplt           0x0000000048053990        0x0
 .iplt          0x0000000048053990        0x0 C:\ProgramData\dSPACE\071346EA-BFFA-4465-9551-2E48EDF35320\Compiler\QNX650_520\target\qnx6/ppcbe/lib/crt1.o
                0x0000000048053990                . = ALIGN (0x4)
                0x0000000048053990                . = ALIGN (0x4)
                0x0000000048053990                __end = .
                0x0000000048053990                _end = .
                [!provide]                        PROVIDE (end, .)
                0x0000000048053990                . = DATA_SEGMENT_END (.)

.stab
 *(.stab)

.stabstr
 *(.stabstr)

.stab.excl
 *(.stab.excl)

.stab.exclstr
 *(.stab.exclstr)

.stab.index
 *(.stab.index)

.stab.indexstr
 *(.stab.indexstr)

.comment        0x0000000000000000       0x47
 *(.comment)
 .comment       0x0000000000000000       0x11 c:/programdata/dspace/071346ea-bffa-4465-9551-2e48edf35320/compiler/qnx650_520/host/win32/x86/usr/bin/../lib/gcc/powerpc-unknown-nto-qnx6.5.0/5.2.0/crtbegin.o
                                         0x12 (size before relaxing)
 .comment       0x0000000000000011       0x12 Control_APF7_algoritmo_wrapper.o07
 .comment       0x0000000000000011       0x12 seguidor_wrapper.o07
 .comment       0x0000000000000011       0x12 seguidor12_wrapper.o07
 .comment       0x0000000000000011       0x12 seguidor3_wrapper.o07
 .comment       0x0000000000000011       0x12 seguidor4_wrapper.o07
 .comment       0x0000000000000011       0x12 seguidor_2S_wrapper.o07
 .comment       0x0000000000000011       0x12 Control_APF7_nuevo_MicroLabBox.o07
 .comment       0x0000000000000011       0x12 Control_APF7_nuevo_MicroLabBox_capi.o07
 .comment       0x0000000000000011       0x12 Control_APF7_nuevo_MicroLabBox_data.o07
 .comment       0x0000000000000011       0x12 Control_APF7_nuevo_MicroLabBox_trc_ptr.o07
 .comment       0x0000000000000011       0x12 rtGetInf.o07
 .comment       0x0000000000000011       0x12 rtGetNaN.o07
 .comment       0x0000000000000011       0x12 rt_nonfinite.o07
 .comment       0x0000000000000011       0x12 rti_sim_engine.o07
 .comment       0x0000000000000011       0x12 rti_init_c.o07
 .comment       0x0000000000000011       0x12 rt_sim.o07
 .comment       0x0000000000000011       0x12 rti_assert.o07
 .comment       0x0000000000000011       0x12 C:\Program Files\dSPACE RCPHIL 2018-A\DS1202\Lib/librtversion.a(RtVersion.o)
 .comment       0x0000000000000011       0x12 C:\Program Files\dSPACE RCPHIL 2018-A\DS1202\Lib/librtglobals.a(DsEESPort.o)
 .comment       0x0000000000000011       0x12 C:\Program Files\dSPACE RCPHIL 2018-A\DS1202\Lib/libm_fastpow.a(w_pow.o)
 .comment       0x0000000000000023       0x12 C:\Program Files\dSPACE RCPHIL 2018-A\DS1202\Lib/libm_fastpow.a(e_pow.o)
 .comment       0x0000000000000035       0x12 C:\Program Files\dSPACE RCPHIL 2018-A\DS1202\Lib/libm_fastpow.a(s_scalbn.o)
 .comment       0x0000000000000047       0x12 c:/programdata/dspace/071346ea-bffa-4465-9551-2e48edf35320/compiler/qnx650_520/host/win32/x86/usr/bin/../lib/gcc/powerpc-unknown-nto-qnx6.5.0/5.2.0/crtend.o

.PPC.EMB.apuinfo
                0x0000000000000000       0x18
 .PPC.EMB.apuinfo
                0x0000000000000000       0x18 Control_APF7_nuevo_MicroLabBox.o07
 .PPC.EMB.apuinfo
                0x0000000000000018       0x18 rt_nonfinite.o07
 .PPC.EMB.apuinfo
                0x0000000000000030       0x18 rti_sim_engine.o07

.debug
 *(.debug)

.line
 *(.line)

.debug_srcinfo
 *(.debug_srcinfo)

.debug_sfnames
 *(.debug_sfnames)

.debug_aranges
 *(.debug_aranges)

.debug_pubnames
 *(.debug_pubnames)

.debug_info
 *(.debug_info .gnu.linkonce.wi.*)

.debug_abbrev
 *(.debug_abbrev)

.debug_line
 *(.debug_line)

.debug_frame
 *(.debug_frame)

.debug_str
 *(.debug_str)

.debug_loc
 *(.debug_loc)

.debug_macinfo
 *(.debug_macinfo)

.debug_weaknames
 *(.debug_weaknames)

.debug_funcnames
 *(.debug_funcnames)

.debug_typenames
 *(.debug_typenames)

.debug_varnames
 *(.debug_varnames)

.debug_pubtypes
 *(.debug_pubtypes)

.debug_ranges
 *(.debug_ranges)

.gnu.attributes
                0x0000000000000000       0x14
 *(.gnu.attributes)
 .gnu.attributes
                0x0000000000000000       0x10 Control_APF7_nuevo_MicroLabBox.o07
 .gnu.attributes
                0x0000000000000010       0x10 rtGetInf.o07
 .gnu.attributes
                0x0000000000000020       0x10 rtGetNaN.o07
 .gnu.attributes
                0x0000000000000030       0x10 rt_nonfinite.o07
 .gnu.attributes
                0x0000000000000040       0x10 rti_sim_engine.o07
 .gnu.attributes
                0x0000000000000050       0x10 rt_sim.o07
 .gnu.attributes
                0x0000000000000060       0x10 rti_assert.o07
 .gnu.attributes
                0x0000000000000070       0x14 C:\Program Files\dSPACE RCPHIL 2018-A\DS1202\Lib/libm_fastpow.a(w_pow.o)
 .gnu.attributes
                0x0000000000000084       0x14 C:\Program Files\dSPACE RCPHIL 2018-A\DS1202\Lib/libm_fastpow.a(e_pow.o)
 .gnu.attributes
                0x0000000000000098       0x14 C:\Program Files\dSPACE RCPHIL 2018-A\DS1202\Lib/libm_fastpow.a(s_scalbn.o)

/DISCARD/
 *(.note.GNU-stack)
 *(.gnu_debuglink)
OUTPUT(Control_APF7_nuevo_MicroLabBox.ppc elf32-powerpc)
