Archive member included to satisfy reference by file (symbol)

C:\Program Files\dSPACE RCPHIL 2018-A\DS1202\Lib/librtversion.a(RtVersion.o)
                              (--whole-archive)
C:\Program Files\dSPACE RCPHIL 2018-A\DS1202\Lib/librtglobals.a(DsEESPort.o)
                              (--whole-archive)
C:\Program Files\dSPACE RCPHIL 2018-A\DS1202\Lib/libm_fastpow.a(w_pow.o)
                              C:\Program Files\dSPACE RCPHIL 2018-A\DS1202\Lib/librt1202.so (pow)
C:\Program Files\dSPACE RCPHIL 2018-A\DS1202\Lib/libm_fastpow.a(e_pow.o)
                              C:\Program Files\dSPACE RCPHIL 2018-A\DS1202\Lib/libm_fastpow.a(w_pow.o) (__ieee754_pow)
C:\Program Files\dSPACE RCPHIL 2018-A\DS1202\Lib/libm_fastpow.a(s_scalbn.o)
                              C:\Program Files\dSPACE RCPHIL 2018-A\DS1202\Lib/libm_fastpow.a(e_pow.o) (scalbn)

As-needed library included to satisfy reference by file (symbol)

libDsRealTimeTestingRP.so.1   rti_sim_engine.o07 (dsrtt_script_service_pre_computation)

Memory Configuration

Name             Origin             Length             Attributes
*default*        0x0000000000000000 0xffffffffffffffff

Linker script and memory map

LOAD C:\ProgramData\dSPACE\071346EA-BFFA-4465-9551-2E48EDF35320\Compiler\QNX650_520\target\qnx6/ppcbe/lib/crt1.o
LOAD C:\ProgramData\dSPACE\071346EA-BFFA-4465-9551-2E48EDF35320\Compiler\QNX650_520\target\qnx6/ppcbe/lib/crti.o
LOAD c:/programdata/dspace/071346ea-bffa-4465-9551-2e48edf35320/compiler/qnx650_520/host/win32/x86/usr/bin/../lib/gcc/powerpc-unknown-nto-qnx6.5.0/5.2.0/crtbegin.o
                0x0000000000000000                _DSPACE_START = 0x0
                0x0000000000000000                _DSPACE_START_ = 0x0
                0x00000000000004b2                DS_TARGET_PLATFORM = 0x4b2
START GROUP
LOAD duplicar_wrapper.o07
LOAD testMicrolabBox.o07
LOAD testMicrolabBox_capi.o07
LOAD testMicrolabBox_data.o07
LOAD testMicrolabBox_trc_ptr.o07
LOAD rti_sim_engine.o07
LOAD rti_init_c.o07
LOAD rt_sim.o07
LOAD rti_assert.o07
LOAD C:\Program Files\dSPACE RCPHIL 2018-A\DS1202\Lib/librtcan.so
LOAD C:\Program Files\dSPACE RCPHIL 2018-A\DS1202\Lib/librtj1939.so
LOAD C:\Program Files\dSPACE RCPHIL 2018-A\DS1202\Lib/librtser.so
LOAD C:\Program Files\dSPACE RCPHIL 2018-A\DS1202\Lib/librt13xxio.so
LOAD C:\Program Files\dSPACE RCPHIL 2018-A\DS1202\Lib/librt1202.so
LOAD C:\Program Files\dSPACE RCPHIL 2018-A\DS1202\Lib/librtwrap.so
LOAD C:\Program Files\dSPACE RCPHIL 2018-A\DS1202\Lib/librtversion.a
LOAD C:\Program Files\dSPACE RCPHIL 2018-A\DS1202\Lib/librtglobals.a
LOAD C:\Program Files\dSPACE RCPHIL 2018-A\DS1202\Lib/libm_fastpow.a
END GROUP
LOAD C:\Program Files\dSPACE RCPHIL 2018-A\DS1202\Lib/libstdc++.so
LOAD C:\ProgramData\dSPACE\071346EA-BFFA-4465-9551-2E48EDF35320\Compiler\QNX650_520\target\qnx6/ppcbe/lib/libm.so
LOAD c:/programdata/dspace/071346ea-bffa-4465-9551-2e48edf35320/compiler/qnx650_520/host/win32/x86/usr/bin/../lib/gcc/powerpc-unknown-nto-qnx6.5.0/5.2.0\libgcc.a
LOAD C:\ProgramData\dSPACE\071346EA-BFFA-4465-9551-2E48EDF35320\Compiler\QNX650_520\target\qnx6/ppcbe/lib/libc.so
LOAD C:\ProgramData\dSPACE\071346EA-BFFA-4465-9551-2E48EDF35320\Compiler\QNX650_520\target\qnx6/ppcbe/lib\libc.a
LOAD c:/programdata/dspace/071346ea-bffa-4465-9551-2e48edf35320/compiler/qnx650_520/host/win32/x86/usr/bin/../lib/gcc/powerpc-unknown-nto-qnx6.5.0/5.2.0\libgcc.a
LOAD c:/programdata/dspace/071346ea-bffa-4465-9551-2e48edf35320/compiler/qnx650_520/host/win32/x86/usr/bin/../lib/gcc/powerpc-unknown-nto-qnx6.5.0/5.2.0/crtend.o
LOAD C:\ProgramData\dSPACE\071346EA-BFFA-4465-9551-2E48EDF35320\Compiler\QNX650_520\target\qnx6/ppcbe/lib/crtn.o
                [!provide]                        PROVIDE (__stack, 0x0)
                [!provide]                        PROVIDE (___stack, 0x0)
                [!provide]                        PROVIDE (__executable_start, 0x48040000)
                0x0000000048040134                . = (0x48040000 + SIZEOF_HEADERS)

.interp         0x0000000048040134       0x14
 *(.interp)
 .interp        0x0000000048040134       0x14 C:\ProgramData\dSPACE\071346EA-BFFA-4465-9551-2E48EDF35320\Compiler\QNX650_520\target\qnx6/ppcbe/lib/crt1.o

.note           0x0000000048040150       0x18
 .note          0x0000000048040150       0x18 C:\ProgramData\dSPACE\071346EA-BFFA-4465-9551-2E48EDF35320\Compiler\QNX650_520\target\qnx6/ppcbe/lib/crtn.o

.note.gnu.build-id
                0x0000000048040168       0x20
 *(.note.gnu.build-id)
 .note.gnu.build-id
                0x0000000048040168       0x20 C:\ProgramData\dSPACE\071346EA-BFFA-4465-9551-2E48EDF35320\Compiler\QNX650_520\target\qnx6/ppcbe/lib/crt1.o

.hash           0x0000000048040188      0x334
 *(.hash)
 .hash          0x0000000048040188      0x334 C:\ProgramData\dSPACE\071346EA-BFFA-4465-9551-2E48EDF35320\Compiler\QNX650_520\target\qnx6/ppcbe/lib/crt1.o

.gnu.hash
 *(.gnu.hash)

.dynsym         0x00000000480404bc      0x6a0
 *(.dynsym)
 .dynsym        0x00000000480404bc      0x6a0 C:\ProgramData\dSPACE\071346EA-BFFA-4465-9551-2E48EDF35320\Compiler\QNX650_520\target\qnx6/ppcbe/lib/crt1.o

.dynstr         0x0000000048040b5c      0x8ab
 *(.dynstr)
 .dynstr        0x0000000048040b5c      0x8ab C:\ProgramData\dSPACE\071346EA-BFFA-4465-9551-2E48EDF35320\Compiler\QNX650_520\target\qnx6/ppcbe/lib/crt1.o

.gnu.version    0x0000000048041408        0x0
 *(.gnu.version)
 .gnu.version   0x0000000048041408        0x0 C:\ProgramData\dSPACE\071346EA-BFFA-4465-9551-2E48EDF35320\Compiler\QNX650_520\target\qnx6/ppcbe/lib/crt1.o

.gnu.version_d  0x0000000048041408        0x0
 *(.gnu.version_d)
 .gnu.version_d
                0x0000000048041408        0x0 C:\ProgramData\dSPACE\071346EA-BFFA-4465-9551-2E48EDF35320\Compiler\QNX650_520\target\qnx6/ppcbe/lib/crt1.o

.gnu.version_r  0x0000000048041408        0x0
 *(.gnu.version_r)
 .gnu.version_r
                0x0000000048041408        0x0 C:\ProgramData\dSPACE\071346EA-BFFA-4465-9551-2E48EDF35320\Compiler\QNX650_520\target\qnx6/ppcbe/lib/crt1.o

.rel.dyn
 *(.rel.init)
 *(.rel.text .rel.text.* .rel.gnu.linkonce.t.*)
 *(.rel.fini)
 *(.rel.rodata .rel.rodata.* .rel.gnu.linkonce.r.*)
 *(.rel.data.rel.ro* .rel.gnu.linkonce.d.rel.ro.*)
 *(.rel.data .rel.data.* .rel.gnu.linkonce.d.*)
 *(.rel.tdata .rel.tdata.* .rel.gnu.linkonce.td.*)
 *(.rel.tbss .rel.tbss.* .rel.gnu.linkonce.tb.*)
 *(.rel.ctors)
 *(.rel.dtors)
 *(.rel.got)
 *(.rel.sdata .rel.sdata.* .rel.gnu.linkonce.s.*)
 *(.rel.sbss .rel.sbss.* .rel.gnu.linkonce.sb.*)
 *(.rel.sdata2 .rel.sdata2.* .rel.gnu.linkonce.s2.*)
 *(.rel.sbss2 .rel.sbss2.* .rel.gnu.linkonce.sb2.*)
 *(.rel.bss .rel.bss.* .rel.gnu.linkonce.b.*)

.rela.dyn       0x0000000048041408       0x6c
 *(.rela.init)
 *(.rela.text .rela.text.* .rela.gnu.linkonce.t.*)
 .rela.text     0x0000000048041408        0x0 C:\ProgramData\dSPACE\071346EA-BFFA-4465-9551-2E48EDF35320\Compiler\QNX650_520\target\qnx6/ppcbe/lib/crt1.o
 *(.rela.fini)
 *(.rela.rodata .rela.rodata.* .rela.gnu.linkonce.r.*)
 .rela.rodata   0x0000000048041408        0x0 C:\ProgramData\dSPACE\071346EA-BFFA-4465-9551-2E48EDF35320\Compiler\QNX650_520\target\qnx6/ppcbe/lib/crt1.o
 *(.rela.data .rela.data.* .rela.gnu.linkonce.d.*)
 *(.rela.tdata .rela.tdata.* .rela.gnu.linkonce.td.*)
 *(.rela.tbss .rela.tbss.* .rela.gnu.linkonce.tb.*)
 *(.rela.ctors)
 *(.rela.dtors)
 *(.rela.got)
 .rela.got      0x0000000048041408       0x48 C:\ProgramData\dSPACE\071346EA-BFFA-4465-9551-2E48EDF35320\Compiler\QNX650_520\target\qnx6/ppcbe/lib/crt1.o
 *(.rela.got1)
 *(.rela.got2)
 *(.rela.sdata .rela.sdata.* .rela.gnu.linkonce.s.*)
 *(.rela.sbss .rela.sbss.* .rela.gnu.linkonce.sb.*)
 .rela.sbss     0x0000000048041450        0x0 C:\ProgramData\dSPACE\071346EA-BFFA-4465-9551-2E48EDF35320\Compiler\QNX650_520\target\qnx6/ppcbe/lib/crt1.o
 *(.rela.sdata2 .rela.sdata2.* .rela.gnu.linkonce.s2.*)
 *(.rela.sbss2 .rela.sbss2.* .rela.gnu.linkonce.sb2.*)
 *(.rela.bss .rela.bss.* .rela.gnu.linkonce.b.*)
 .rela.bss      0x0000000048041450       0x24 C:\ProgramData\dSPACE\071346EA-BFFA-4465-9551-2E48EDF35320\Compiler\QNX650_520\target\qnx6/ppcbe/lib/crt1.o
 .rela.iplt     0x0000000048041474        0x0 C:\ProgramData\dSPACE\071346EA-BFFA-4465-9551-2E48EDF35320\Compiler\QNX650_520\target\qnx6/ppcbe/lib/crt1.o

.rel.plt
 *(.rel.plt)

.rela.plt       0x0000000048041474      0x414
 *(.rela.plt)
 .rela.plt      0x0000000048041474      0x414 C:\ProgramData\dSPACE\071346EA-BFFA-4465-9551-2E48EDF35320\Compiler\QNX650_520\target\qnx6/ppcbe/lib/crt1.o

.init           0x0000000048041888       0x24
 *(.init)
 .init          0x0000000048041888        0xc C:\ProgramData\dSPACE\071346EA-BFFA-4465-9551-2E48EDF35320\Compiler\QNX650_520\target\qnx6/ppcbe/lib/crti.o
                0x0000000048041888                _init
 .init          0x0000000048041894        0x4 c:/programdata/dspace/071346ea-bffa-4465-9551-2e48edf35320/compiler/qnx650_520/host/win32/x86/usr/bin/../lib/gcc/powerpc-unknown-nto-qnx6.5.0/5.2.0/crtbegin.o
 .init          0x0000000048041898        0x4 c:/programdata/dspace/071346ea-bffa-4465-9551-2e48edf35320/compiler/qnx650_520/host/win32/x86/usr/bin/../lib/gcc/powerpc-unknown-nto-qnx6.5.0/5.2.0/crtend.o
 .init          0x000000004804189c       0x10 C:\ProgramData\dSPACE\071346EA-BFFA-4465-9551-2E48EDF35320\Compiler\QNX650_520\target\qnx6/ppcbe/lib/crtn.o

.text           0x00000000480418b0     0x20dc
                0x00000000480418b0                _btext = .
 *(.text .stub .text.* .gnu.linkonce.t.*)
 .text          0x00000000480418b0      0x118 C:\ProgramData\dSPACE\071346EA-BFFA-4465-9551-2E48EDF35320\Compiler\QNX650_520\target\qnx6/ppcbe/lib/crt1.o
                0x00000000480418b0                _start
 .text          0x00000000480419c8        0x0 C:\ProgramData\dSPACE\071346EA-BFFA-4465-9551-2E48EDF35320\Compiler\QNX650_520\target\qnx6/ppcbe/lib/crti.o
 .text          0x00000000480419c8      0x2b0 c:/programdata/dspace/071346ea-bffa-4465-9551-2e48edf35320/compiler/qnx650_520/host/win32/x86/usr/bin/../lib/gcc/powerpc-unknown-nto-qnx6.5.0/5.2.0/crtbegin.o
 *fill*         0x0000000048041c78        0x8 00000000
 .text          0x0000000048041c80       0x10 duplicar_wrapper.o07
                0x0000000048041c80                duplicar_Outputs_wrapper
 .text          0x0000000048041c90      0x2c0 testMicrolabBox.o07
                0x0000000048041c90                testMicrolabBox_output
                0x0000000048041e00                testMicrolabBox_update
                0x0000000048041e80                testMicrolabBox_initialize
                0x0000000048041ee0                testMicrolabBox_terminate
 .text          0x0000000048041f50       0x58 testMicrolabBox_capi.o07
                0x0000000048041f50                testMicrolabBox_GetCAPIStaticMap
                0x0000000048041f60                testMicrolabBox_InitializeDataMapInfo
 .text          0x0000000048041fa8        0x0 testMicrolabBox_data.o07
 .text          0x0000000048041fa8       0x84 testMicrolabBox_trc_ptr.o07
                0x0000000048041ff8                testMicrolabBox_rti_init_trc_pointers
 *fill*         0x000000004804202c        0x4 00000000
 .text          0x0000000048042030      0x574 rti_sim_engine.o07
                0x0000000048042530                rtk_idle_function
                0x0000000048042540                rti_th_timertask1_trigger_source
                0x0000000048042590                initConditions
                0x00000000480425a0                initVariables
 *fill*         0x00000000480425a4        0xc 00000000
 .text.startup  0x00000000480425b0      0x7c8 rti_sim_engine.o07
                0x00000000480425b0                main
 *fill*         0x0000000048042d78        0x8 00000000
 .text          0x0000000048042d80       0x40 rti_init_c.o07
                0x0000000048042d80                rti_init
 .text          0x0000000048042dc0       0x44 rt_sim.o07
                0x0000000048042dc0                rt_SimInitTimingEngine
                0x0000000048042df0                rt_SimGetNextSampleHit
                0x0000000048042e00                rt_SimUpdateDiscreteTaskSampleHits
 *fill*         0x0000000048042e04        0xc 00000000
 .text          0x0000000048042e10       0xd4 rti_assert.o07
                0x0000000048042e10                rti_assertion_handler
                0x0000000048042ea0                rti_assertion_mode_msg
 .text          0x0000000048042ee4        0x0 C:\Program Files\dSPACE RCPHIL 2018-A\DS1202\Lib/librtversion.a(RtVersion.o)
 *fill*         0x0000000048042ee4        0xc 00000000
 .text          0x0000000048042ef0        0x4 C:\Program Files\dSPACE RCPHIL 2018-A\DS1202\Lib/librtglobals.a(DsEESPort.o)
                0x0000000048042ef0                DsEesPort_init()
 .text          0x0000000048042ef4       0x20 C:\Program Files\dSPACE RCPHIL 2018-A\DS1202\Lib/libm_fastpow.a(w_pow.o)
                0x0000000048042ef4                pow
 .text          0x0000000048042f14      0x85c C:\Program Files\dSPACE RCPHIL 2018-A\DS1202\Lib/libm_fastpow.a(e_pow.o)
                0x0000000048042f14                __ieee754_pow
 .text          0x0000000048043770      0x188 C:\Program Files\dSPACE RCPHIL 2018-A\DS1202\Lib/libm_fastpow.a(s_scalbn.o)
                0x0000000048043770                scalbn
 .text          0x00000000480438f8       0x94 c:/programdata/dspace/071346ea-bffa-4465-9551-2e48edf35320/compiler/qnx650_520/host/win32/x86/usr/bin/../lib/gcc/powerpc-unknown-nto-qnx6.5.0/5.2.0/crtend.o
 .text          0x000000004804398c        0x0 C:\ProgramData\dSPACE\071346EA-BFFA-4465-9551-2E48EDF35320\Compiler\QNX650_520\target\qnx6/ppcbe/lib/crtn.o
 *(.gnu.warning)
 *(.glink)
 .glink         0x000000004804398c        0x0 C:\ProgramData\dSPACE\071346EA-BFFA-4465-9551-2E48EDF35320\Compiler\QNX650_520\target\qnx6/ppcbe/lib/crt1.o

.fini           0x000000004804398c       0x20
 *(.fini)
 .fini          0x000000004804398c        0xc C:\ProgramData\dSPACE\071346EA-BFFA-4465-9551-2E48EDF35320\Compiler\QNX650_520\target\qnx6/ppcbe/lib/crti.o
                0x000000004804398c                _fini
 .fini          0x0000000048043998        0x4 c:/programdata/dspace/071346ea-bffa-4465-9551-2e48edf35320/compiler/qnx650_520/host/win32/x86/usr/bin/../lib/gcc/powerpc-unknown-nto-qnx6.5.0/5.2.0/crtbegin.o
 .fini          0x000000004804399c       0x10 C:\ProgramData\dSPACE\071346EA-BFFA-4465-9551-2E48EDF35320\Compiler\QNX650_520\target\qnx6/ppcbe/lib/crtn.o
                [!provide]                        PROVIDE (__etext, .)
                0x00000000480439ac                PROVIDE (_etext, .)
                [!provide]                        PROVIDE (etext, .)

.rodata         0x00000000480439b0      0x6e0
 *(.rodata .rodata.* .gnu.linkonce.r.*)
 .rodata        0x00000000480439b0        0x4 testMicrolabBox.o07
                0x00000000480439b0                testMicrolabBox_M
 .rodata.cst4   0x00000000480439b4        0x8 testMicrolabBox.o07
 *fill*         0x00000000480439bc        0x4 
 .rodata.cst8   0x00000000480439c0        0x8 testMicrolabBox.o07
 .rodata        0x00000000480439c8      0x120 testMicrolabBox_capi.o07
 .rodata.str1.4
                0x0000000048043ae8       0xf6 testMicrolabBox_capi.o07
                                         0xfa (size before relaxing)
 *fill*         0x0000000048043bde        0x2 
 .rodata        0x0000000048043be0        0xc rti_sim_engine.o07
                0x0000000048043be0                rtiDataSetStorageEnabled
                0x0000000048043be4                p_dsts_sum_of_reset_time
                0x0000000048043be8                p_msg_last_error_no
 .rodata.cst4   0x0000000048043bec        0x4 rti_sim_engine.o07
 .rodata.cst8   0x0000000048043bf0        0x8 rti_sim_engine.o07
 .rodata.str1.4
                0x0000000048043bf0      0x268 rti_sim_engine.o07
 .rodata.cst4   0x0000000048043e58        0x4 rt_sim.o07
                                          0x8 (size before relaxing)
 .rodata.str1.4
                0x0000000048043e5c       0x71 rt_sim.o07
 *fill*         0x0000000048043ecd        0x3 
 .rodata.str1.4
                0x0000000048043ed0       0x70 rti_assert.o07
                                         0x6d (size before relaxing)
 .rodata        0x0000000048043f40       0x30 C:\Program Files\dSPACE RCPHIL 2018-A\DS1202\Lib/libm_fastpow.a(e_pow.o)
 .rodata.cst4   0x0000000048043f70        0x8 C:\Program Files\dSPACE RCPHIL 2018-A\DS1202\Lib/libm_fastpow.a(e_pow.o)
 .rodata.cst8   0x0000000048043f78       0xe8 C:\Program Files\dSPACE RCPHIL 2018-A\DS1202\Lib/libm_fastpow.a(e_pow.o)
 .rodata.cst8   0x0000000048044060       0x30 C:\Program Files\dSPACE RCPHIL 2018-A\DS1202\Lib/libm_fastpow.a(s_scalbn.o)

.rodata1
 *(.rodata1)

.sdata2         0x0000000048044090        0x0
                0x0000000000008000                PROVIDE (_SDA2_BASE_, 0x8000)
 *(.sdata2 .sdata2.* .gnu.linkonce.s2.*)
 .sdata2        0x0000000048044090        0x0 C:\ProgramData\dSPACE\071346EA-BFFA-4465-9551-2E48EDF35320\Compiler\QNX650_520\target\qnx6/ppcbe/lib/crt1.o

.sbss2
 *(.sbss2 .sbss2.* .gnu.linkonce.sb2.*)

.eh_frame_hdr   0x0000000048044090       0x14
 *(.eh_frame_hdr)
 .eh_frame_hdr  0x0000000048044090       0x14 C:\Program Files\dSPACE RCPHIL 2018-A\DS1202\Lib/librtglobals.a(DsEESPort.o)

.eh_frame       0x00000000480440a4       0x2c
 *(.eh_frame)
 .eh_frame      0x00000000480440a4        0x0 C:\ProgramData\dSPACE\071346EA-BFFA-4465-9551-2E48EDF35320\Compiler\QNX650_520\target\qnx6/ppcbe/lib/crt1.o
 .eh_frame      0x00000000480440a4        0x0 c:/programdata/dspace/071346ea-bffa-4465-9551-2e48edf35320/compiler/qnx650_520/host/win32/x86/usr/bin/../lib/gcc/powerpc-unknown-nto-qnx6.5.0/5.2.0/crtbegin.o
 .eh_frame      0x00000000480440a4       0x28 C:\Program Files\dSPACE RCPHIL 2018-A\DS1202\Lib/librtglobals.a(DsEESPort.o)
 .eh_frame      0x00000000480440cc        0x4 c:/programdata/dspace/071346ea-bffa-4465-9551-2e48edf35320/compiler/qnx650_520/host/win32/x86/usr/bin/../lib/gcc/powerpc-unknown-nto-qnx6.5.0/5.2.0/crtend.o

.gcc_except_table
 *(.gcc_except_table .gcc_except_table.*)
                0x00000000480440d0                . = (ALIGN (0x1000) - ((0x1000 - .) & 0xfff))
                0x00000000480450d0                . = DATA_SEGMENT_ALIGN (0x1000, 0x1000)

.eh_frame
 *(.eh_frame)

.gcc_except_table
 *(.gcc_except_table .gcc_except_table.*)

.tdata
 *(.tdata .tdata.* .gnu.linkonce.td.*)

.tbss
 *(.tbss .tbss.* .gnu.linkonce.tb.*)
 *(.tcommon)

.preinit_array  0x00000000480450d0        0x0
                0x00000000480450d0                PROVIDE (__preinit_array_start, .)
 *(.preinit_array)
                0x00000000480450d0                PROVIDE (__preinit_array_end, .)

.init_array     0x00000000480450d0        0x0
                0x00000000480450d0                PROVIDE (__init_array_start, .)
 *(SORT(.init_array.*))
 *(.init_array)
                0x00000000480450d0                PROVIDE (__init_array_end, .)

.fini_array     0x00000000480450d0        0x0
                0x00000000480450d0                PROVIDE (__fini_array_start, .)
 *(.fini_array)
 *(SORT(.fini_array.*))
                0x00000000480450d0                PROVIDE (__fini_array_end, .)

.ctors          0x00000000480450d0        0x8
 *crtbegin.o(.ctors)
 .ctors         0x00000000480450d0        0x4 c:/programdata/dspace/071346ea-bffa-4465-9551-2e48edf35320/compiler/qnx650_520/host/win32/x86/usr/bin/../lib/gcc/powerpc-unknown-nto-qnx6.5.0/5.2.0/crtbegin.o
 *crtbegin?.o(.ctors)
 *(EXCLUDE_FILE(*crtend?.o *crtend.o) .ctors)
 *(SORT(.ctors.*))
 *(.ctors)
 .ctors         0x00000000480450d4        0x4 c:/programdata/dspace/071346ea-bffa-4465-9551-2e48edf35320/compiler/qnx650_520/host/win32/x86/usr/bin/../lib/gcc/powerpc-unknown-nto-qnx6.5.0/5.2.0/crtend.o

.dtors          0x00000000480450d8        0x8
 *crtbegin.o(.dtors)
 .dtors         0x00000000480450d8        0x4 c:/programdata/dspace/071346ea-bffa-4465-9551-2e48edf35320/compiler/qnx650_520/host/win32/x86/usr/bin/../lib/gcc/powerpc-unknown-nto-qnx6.5.0/5.2.0/crtbegin.o
 *crtbegin?.o(.dtors)
 *(EXCLUDE_FILE(*crtend?.o *crtend.o) .dtors)
 *(SORT(.dtors.*))
 *(.dtors)
 .dtors         0x00000000480450dc        0x4 c:/programdata/dspace/071346ea-bffa-4465-9551-2e48edf35320/compiler/qnx650_520/host/win32/x86/usr/bin/../lib/gcc/powerpc-unknown-nto-qnx6.5.0/5.2.0/crtend.o
                0x00000000480450dc                __DTOR_END__

.jcr            0x00000000480450e0        0x4
 *(.jcr)
 .jcr           0x00000000480450e0        0x0 c:/programdata/dspace/071346ea-bffa-4465-9551-2e48edf35320/compiler/qnx650_520/host/win32/x86/usr/bin/../lib/gcc/powerpc-unknown-nto-qnx6.5.0/5.2.0/crtbegin.o
 .jcr           0x00000000480450e0        0x4 c:/programdata/dspace/071346ea-bffa-4465-9551-2e48edf35320/compiler/qnx650_520/host/win32/x86/usr/bin/../lib/gcc/powerpc-unknown-nto-qnx6.5.0/5.2.0/crtend.o

.data.rel.ro
 *(.data.rel.ro.local* .gnu.linkonce.d.rel.ro.local.*)
 *(.data.rel.ro* .gnu.linkonce.d.rel.ro.*)

.fixup
 *(.fixup)

.got1
 *(.got1)

.got2
 *(.got2)

.dynamic        0x00000000480450e4      0x100
 *(.dynamic)
 .dynamic       0x00000000480450e4      0x100 C:\ProgramData\dSPACE\071346EA-BFFA-4465-9551-2E48EDF35320\Compiler\QNX650_520\target\qnx6/ppcbe/lib/crt1.o
                0x00000000480450e4                _DYNAMIC

.got
 *(.got)
                0x00000000480451e4                . = DATA_SEGMENT_RELRO_END (., 0x0)

.plt
 *(.plt)

.data           0x00000000480451e8       0xd8
 *(.data .data.* .gnu.linkonce.d.*)
 .data          0x00000000480451e8        0x0 C:\ProgramData\dSPACE\071346EA-BFFA-4465-9551-2E48EDF35320\Compiler\QNX650_520\target\qnx6/ppcbe/lib/crt1.o
 .data          0x00000000480451e8        0x0 C:\ProgramData\dSPACE\071346EA-BFFA-4465-9551-2E48EDF35320\Compiler\QNX650_520\target\qnx6/ppcbe/lib/crti.o
 .data          0x00000000480451e8        0x0 c:/programdata/dspace/071346ea-bffa-4465-9551-2e48edf35320/compiler/qnx650_520/host/win32/x86/usr/bin/../lib/gcc/powerpc-unknown-nto-qnx6.5.0/5.2.0/crtbegin.o
 .data.rel.local
                0x00000000480451e8        0x4 c:/programdata/dspace/071346ea-bffa-4465-9551-2e48edf35320/compiler/qnx650_520/host/win32/x86/usr/bin/../lib/gcc/powerpc-unknown-nto-qnx6.5.0/5.2.0/crtbegin.o
                0x00000000480451e8                __dso_handle
 .data          0x00000000480451ec        0x0 duplicar_wrapper.o07
 .data          0x00000000480451ec        0x0 testMicrolabBox.o07
 .data          0x00000000480451ec       0x7c testMicrolabBox_capi.o07
 .data          0x0000000048045268       0x38 testMicrolabBox_data.o07
                0x0000000048045268                testMicrolabBox_P
 .data          0x00000000480452a0        0x0 testMicrolabBox_trc_ptr.o07
 .data          0x00000000480452a0       0x14 rti_sim_engine.o07
                0x00000000480452a0                simState
                0x00000000480452b0                lastSimState
 .data          0x00000000480452b4        0x0 rti_init_c.o07
 .data          0x00000000480452b4        0x0 rt_sim.o07
 .data          0x00000000480452b4        0x0 rti_assert.o07
 .data          0x00000000480452b4        0x0 C:\Program Files\dSPACE RCPHIL 2018-A\DS1202\Lib/librtversion.a(RtVersion.o)
 .data          0x00000000480452b4        0x0 C:\Program Files\dSPACE RCPHIL 2018-A\DS1202\Lib/librtglobals.a(DsEESPort.o)
 .data.rel      0x00000000480452b4        0xc C:\Program Files\dSPACE RCPHIL 2018-A\DS1202\Lib/librtglobals.a(DsEESPort.o)
                0x00000000480452b4                p_xilapi_eesport_errorswitching_uint32_T
                0x00000000480452b8                p_xilapi_eesport_erroractivated_uint32_T
                0x00000000480452bc                p_xilapi_eesport_activeerrorset_uint32_T
 .data          0x00000000480452c0        0x0 C:\Program Files\dSPACE RCPHIL 2018-A\DS1202\Lib/libm_fastpow.a(w_pow.o)
 .data          0x00000000480452c0        0x0 C:\Program Files\dSPACE RCPHIL 2018-A\DS1202\Lib/libm_fastpow.a(e_pow.o)
 .data          0x00000000480452c0        0x0 C:\Program Files\dSPACE RCPHIL 2018-A\DS1202\Lib/libm_fastpow.a(s_scalbn.o)
 .data          0x00000000480452c0        0x0 c:/programdata/dspace/071346ea-bffa-4465-9551-2e48edf35320/compiler/qnx650_520/host/win32/x86/usr/bin/../lib/gcc/powerpc-unknown-nto-qnx6.5.0/5.2.0/crtend.o
 .data          0x00000000480452c0        0x0 C:\ProgramData\dSPACE\071346EA-BFFA-4465-9551-2E48EDF35320\Compiler\QNX650_520\target\qnx6/ppcbe/lib/crtn.o

.tm_clone_table
                0x00000000480452c0        0x0
 .tm_clone_table
                0x00000000480452c0        0x0 c:/programdata/dspace/071346ea-bffa-4465-9551-2e48edf35320/compiler/qnx650_520/host/win32/x86/usr/bin/../lib/gcc/powerpc-unknown-nto-qnx6.5.0/5.2.0/crtbegin.o
 .tm_clone_table
                0x00000000480452c0        0x0 c:/programdata/dspace/071346ea-bffa-4465-9551-2e48edf35320/compiler/qnx650_520/host/win32/x86/usr/bin/../lib/gcc/powerpc-unknown-nto-qnx6.5.0/5.2.0/crtend.o

.data1
 *(.data1)

.got            0x00000000480452c0       0x54
 *(.got)
 .got           0x00000000480452c0       0x54 C:\ProgramData\dSPACE\071346EA-BFFA-4465-9551-2E48EDF35320\Compiler\QNX650_520\target\qnx6/ppcbe/lib/crt1.o
                0x0000000048045308                _GLOBAL_OFFSET_TABLE_

.sdata          0x0000000048045314        0x0
                0x0000000000008000                PROVIDE (_SDA_BASE_, 0x8000)
 *(.sdata .sdata.* .gnu.linkonce.s.*)
 .sdata         0x0000000048045314        0x0 C:\ProgramData\dSPACE\071346EA-BFFA-4465-9551-2E48EDF35320\Compiler\QNX650_520\target\qnx6/ppcbe/lib/crt1.o
                0x0000000048045314                _edata = .
                [!provide]                        PROVIDE (edata, .)
                0x0000000048045314                __bss_start = .

.sbss           0x0000000048045314        0x0
                [!provide]                        PROVIDE (__sbss_start, .)
                [!provide]                        PROVIDE (___sbss_start, .)
 *(.dynsbss)
 .dynsbss       0x0000000048045314        0x0 C:\ProgramData\dSPACE\071346EA-BFFA-4465-9551-2E48EDF35320\Compiler\QNX650_520\target\qnx6/ppcbe/lib/crt1.o
 *(.sbss .sbss.* .gnu.linkonce.sb.*)
 *(.scommon)
                [!provide]                        PROVIDE (__sbss_end, .)
                [!provide]                        PROVIDE (___sbss_end, .)

.plt            0x0000000048045314      0x45c
 *(.plt)
 .plt           0x0000000048045314      0x45c C:\ProgramData\dSPACE\071346EA-BFFA-4465-9551-2E48EDF35320\Compiler\QNX650_520\target\qnx6/ppcbe/lib/crt1.o
                0x000000004804535c                ts_reset
                0x0000000048045364                __register_frame_info
                0x000000004804536c                msg_error_clear
                0x0000000048045374                AdcCl1AnalogIn_read
                0x000000004804537c                dsrtt_set_current_time
                0x0000000048045384                sqrt
                0x000000004804538c                rtk_current_task_absolute_time_ptr_get
                0x0000000048045394                DioCl1DigIn_start
                0x000000004804539c                DsTimeSync_simstateRun
                0x00000000480453a4                DacCl1AnalogOut_create
                0x00000000480453ac                DioCl1DigIn_create
                0x00000000480453b4                rtk_setup_temp_overrun_handling
                0x00000000480453bc                DioCl1DigOut_setChMaskOutData
                0x00000000480453c4                SrtkIntBase_requestTaskMode
                0x00000000480453cc                rtk_reset_tasks
                0x00000000480453d4                __cxa_finalize
                0x00000000480453dc                _init_array
                0x00000000480453e4                rtk_set_task_type
                0x00000000480453ec                DsTimeSync_baserate
                0x00000000480453f4                rtk_task_name_set
                0x00000000480453fc                DacCl1AnalogOut_apply
                0x0000000048045404                DioCl1DigIn_getChMaskInData
                0x000000004804540c                DioCl1DigOut_setChMaskOutHighZ
                0x0000000048045414                dsrtt_script_service_post_computation
                0x000000004804541c                rtk_create_task
                0x0000000048045424                msg_warning_printf
                0x000000004804542c                msg_last_error_number
                0x0000000048045434                AdcCl1AnalogIn_setConversTrigger
                0x000000004804543c                dsparam_copy_data_set
                0x0000000048045444                SrtkPreload_preloadRegion
                0x000000004804544c                msg_error_set
                0x0000000048045454                rtk_enable_services
                0x000000004804545c                SrtkDaq_Init
                0x0000000048045464                DioCl1DigOut_setSignalVoltage
                0x000000004804546c                rtk_task_task_calls_get
                0x0000000048045474                DioCl1DigIn_apply
                0x000000004804547c                DsTimeSync_setCurrentTimePtr
                0x0000000048045484                SrtkIntBase_enableIntGlobal
                0x000000004804548c                DacCl1AnalogOut_write
                0x0000000048045494                AdcCl1AnalogIn_setConversionMode
                0x000000004804549c                rtk_overrun_flag_clear
                0x00000000480454a4                rtk_bind_interrupt
                0x00000000480454ac                DacCl1AnalogOut_stop
                0x00000000480454b4                AdcCl1AnalogIn_apply
                0x00000000480454bc                _init_libc
                0x00000000480454c4                dsrtt_init
                0x00000000480454cc                AdcCl1AnalogIn_write
                0x00000000480454d4                DioCl1DigOut_write
                0x00000000480454dc                SrtkApp_terminate
                0x00000000480454e4                DioCl1DigOut_start
                0x00000000480454ec                AdcCl1AnalogIn_isDataReady
                0x00000000480454f4                msg_info_set
                0x00000000480454fc                dsrtt_script_service_pre_computation
                0x0000000048045504                DacCl1AnalogOut_start
                0x000000004804550c                msg_error_printf
                0x0000000048045514                memset
                0x000000004804551c                DioCl1DigOut_create
                0x0000000048045524                rtk_leave_idle_mode
                0x000000004804552c                __wrap_exit
                0x0000000048045534                DioCl1DigOut_apply
                0x000000004804553c                __wrap_atexit
                0x0000000048045544                DacCl1AnalogOut_setOutputValue
                0x000000004804554c                AdcCl1AnalogIn_start
                0x0000000048045554                _fini_array
                0x000000004804555c                SrtkDaq_Background
                0x0000000048045564                _preinit_array
                0x000000004804556c                SrtkApp_init
                0x0000000048045574                SrtkDaq_Service
                0x000000004804557c                rtk_task_task_name_get
                0x0000000048045584                AdcCl1AnalogIn_setConversSwTrigger
                0x000000004804558c                DioCl1DigIn_read
                0x0000000048045594                SrtkSim_notifyStateTransition
                0x000000004804559c                AdcCl1AnalogIn_getSingleValue
                0x00000000480455a4                msg_set
                0x00000000480455ac                rtk_get_subentry
                0x00000000480455b4                dsrtt_set_step_size
                0x00000000480455bc                rtk_enter_idle_mode
                0x00000000480455c4                rtk_initialize
                0x00000000480455cc                DacCl1AnalogOut_setOutputHighZ
                0x00000000480455d4                SrtkApp_background
                0x00000000480455dc                rtk_default_overrun_fcn
                0x00000000480455e4                AdcCl1AnalogIn_create
                0x00000000480455ec                vcm_module_register
                0x00000000480455f4                DsTimeSync_simstateStop
                0x00000000480455fc                SrtkIntBase_disableIntGlobal
                0x0000000048045604                SrtkSim_registerState
                0x000000004804560c                __deregister_frame_info

.bss            0x0000000048045770      0x130
 *(.dynbss)
 .dynbss        0x0000000048045770       0x14 C:\ProgramData\dSPACE\071346EA-BFFA-4465-9551-2E48EDF35320\Compiler\QNX650_520\target\qnx6/ppcbe/lib/crt1.o
                0x0000000048045770                errno
                0x0000000048045778                dsts_sum_of_reseted_time
                0x0000000048045780                msg_last_error_no
 *(.bss .bss.* .gnu.linkonce.b.*)
 .bss           0x0000000048045784        0x0 C:\ProgramData\dSPACE\071346EA-BFFA-4465-9551-2E48EDF35320\Compiler\QNX650_520\target\qnx6/ppcbe/lib/crt1.o
 .bss           0x0000000048045784        0x0 C:\ProgramData\dSPACE\071346EA-BFFA-4465-9551-2E48EDF35320\Compiler\QNX650_520\target\qnx6/ppcbe/lib/crti.o
 .bss           0x0000000048045784       0x20 c:/programdata/dspace/071346ea-bffa-4465-9551-2e48edf35320/compiler/qnx650_520/host/win32/x86/usr/bin/../lib/gcc/powerpc-unknown-nto-qnx6.5.0/5.2.0/crtbegin.o
 .bss           0x00000000480457a4        0x0 duplicar_wrapper.o07
 *fill*         0x00000000480457a4        0x4 
 .bss           0x00000000480457a8       0x80 testMicrolabBox.o07
                0x00000000480457a8                testMicrolabBox_B
                0x00000000480457d0                testMicrolabBox_M_
 .bss           0x0000000048045828        0x4 testMicrolabBox_capi.o07
 .bss           0x000000004804582c        0x0 testMicrolabBox_data.o07
 .bss           0x000000004804582c        0xc testMicrolabBox_trc_ptr.o07
                0x000000004804582c                p_0_testMicrolabBox_real_T_0
                0x0000000048045830                p_0_testMicrolabBox_boolean_T_1
                0x0000000048045834                p_1_testMicrolabBox_real_T_0
 .bss           0x0000000048045838       0x50 rti_sim_engine.o07
                0x0000000048045838                currentTime
                0x000000004804583c                finalTime
                0x0000000048045840                modelStepSize
                0x0000000048045848                pRTIDacC1AnalogOut_Ch_2
                0x000000004804584c                pRTIDacC1AnalogOut_Ch_1
                0x0000000048045850                pRTIDioC1DigOut_Port_3_Ch_1
                0x0000000048045854                pRTIAdcC1AnalogIn_Ch_2
                0x0000000048045858                pRTIDioC1DigIn_Port_2_Ch_16
                0x000000004804585c                taskMode
                0x0000000048045860                pRti_TIMERA_STime
                0x0000000048045864                pRti_TIMERA_TTime
                0x0000000048045868                pRti_TIMERA_TState
                0x000000004804586c                pRti_TIMERA_OType
                0x0000000048045870                pRti_TIMERA_OMax
                0x0000000048045874                pRti_TIMERA_ORpt
                0x0000000048045878                pRti_TIMERA_OCnt
                0x000000004804587c                pRti_TIMERA_TCnt
                0x0000000048045880                pRti_TIMERA_Prio
                0x0000000048045884                rtiAssertionMode
 .bss           0x0000000048045888        0x4 rti_init_c.o07
 .bss           0x000000004804588c        0x0 rt_sim.o07
 .bss           0x000000004804588c        0x0 rti_assert.o07
 .bss           0x000000004804588c        0x0 C:\Program Files\dSPACE RCPHIL 2018-A\DS1202\Lib/librtversion.a(RtVersion.o)
 .bss           0x000000004804588c       0x14 C:\Program Files\dSPACE RCPHIL 2018-A\DS1202\Lib/librtglobals.a(DsEESPort.o)
                0x000000004804588c                xilapi_eesport_trigger_uint32_T
                0x0000000048045890                xilapi_eesport_flags_uint32_T
                0x0000000048045894                xilapi_eesport_errorswitching_uint32_T
                0x0000000048045898                xilapi_eesport_erroractivated_uint32_T
                0x000000004804589c                xilapi_eesport_activeerrorset_uint32_T
 .bss           0x00000000480458a0        0x0 C:\Program Files\dSPACE RCPHIL 2018-A\DS1202\Lib/libm_fastpow.a(w_pow.o)
 .bss           0x00000000480458a0        0x0 C:\Program Files\dSPACE RCPHIL 2018-A\DS1202\Lib/libm_fastpow.a(e_pow.o)
 .bss           0x00000000480458a0        0x0 C:\Program Files\dSPACE RCPHIL 2018-A\DS1202\Lib/libm_fastpow.a(s_scalbn.o)
 .bss           0x00000000480458a0        0x0 c:/programdata/dspace/071346ea-bffa-4465-9551-2e48edf35320/compiler/qnx650_520/host/win32/x86/usr/bin/../lib/gcc/powerpc-unknown-nto-qnx6.5.0/5.2.0/crtend.o
 .bss           0x00000000480458a0        0x0 C:\ProgramData\dSPACE\071346EA-BFFA-4465-9551-2E48EDF35320\Compiler\QNX650_520\target\qnx6/ppcbe/lib/crtn.o
 *(COMMON)
                0x00000000480458a0                . = ALIGN ((. != 0x0)?0x4:0x1)

.iplt           0x00000000480458a0        0x0
 .iplt          0x00000000480458a0        0x0 C:\ProgramData\dSPACE\071346EA-BFFA-4465-9551-2E48EDF35320\Compiler\QNX650_520\target\qnx6/ppcbe/lib/crt1.o
                0x00000000480458a0                . = ALIGN (0x4)
                0x00000000480458a0                . = ALIGN (0x4)
                0x00000000480458a0                __end = .
                0x00000000480458a0                _end = .
                [!provide]                        PROVIDE (end, .)
                0x00000000480458a0                . = DATA_SEGMENT_END (.)

.stab
 *(.stab)

.stabstr
 *(.stabstr)

.stab.excl
 *(.stab.excl)

.stab.exclstr
 *(.stab.exclstr)

.stab.index
 *(.stab.index)

.stab.indexstr
 *(.stab.indexstr)

.comment        0x0000000000000000       0x47
 *(.comment)
 .comment       0x0000000000000000       0x11 c:/programdata/dspace/071346ea-bffa-4465-9551-2e48edf35320/compiler/qnx650_520/host/win32/x86/usr/bin/../lib/gcc/powerpc-unknown-nto-qnx6.5.0/5.2.0/crtbegin.o
                                         0x12 (size before relaxing)
 .comment       0x0000000000000011       0x12 duplicar_wrapper.o07
 .comment       0x0000000000000011       0x12 testMicrolabBox.o07
 .comment       0x0000000000000011       0x12 testMicrolabBox_capi.o07
 .comment       0x0000000000000011       0x12 testMicrolabBox_data.o07
 .comment       0x0000000000000011       0x12 testMicrolabBox_trc_ptr.o07
 .comment       0x0000000000000011       0x12 rti_sim_engine.o07
 .comment       0x0000000000000011       0x12 rti_init_c.o07
 .comment       0x0000000000000011       0x12 rt_sim.o07
 .comment       0x0000000000000011       0x12 rti_assert.o07
 .comment       0x0000000000000011       0x12 C:\Program Files\dSPACE RCPHIL 2018-A\DS1202\Lib/librtversion.a(RtVersion.o)
 .comment       0x0000000000000011       0x12 C:\Program Files\dSPACE RCPHIL 2018-A\DS1202\Lib/librtglobals.a(DsEESPort.o)
 .comment       0x0000000000000011       0x12 C:\Program Files\dSPACE RCPHIL 2018-A\DS1202\Lib/libm_fastpow.a(w_pow.o)
 .comment       0x0000000000000023       0x12 C:\Program Files\dSPACE RCPHIL 2018-A\DS1202\Lib/libm_fastpow.a(e_pow.o)
 .comment       0x0000000000000035       0x12 C:\Program Files\dSPACE RCPHIL 2018-A\DS1202\Lib/libm_fastpow.a(s_scalbn.o)
 .comment       0x0000000000000047       0x12 c:/programdata/dspace/071346ea-bffa-4465-9551-2e48edf35320/compiler/qnx650_520/host/win32/x86/usr/bin/../lib/gcc/powerpc-unknown-nto-qnx6.5.0/5.2.0/crtend.o

.PPC.EMB.apuinfo
                0x0000000000000000       0x18
 .PPC.EMB.apuinfo
                0x0000000000000000       0x18 rti_sim_engine.o07

.debug
 *(.debug)

.line
 *(.line)

.debug_srcinfo
 *(.debug_srcinfo)

.debug_sfnames
 *(.debug_sfnames)

.debug_aranges
 *(.debug_aranges)

.debug_pubnames
 *(.debug_pubnames)

.debug_info
 *(.debug_info .gnu.linkonce.wi.*)

.debug_abbrev
 *(.debug_abbrev)

.debug_line
 *(.debug_line)

.debug_frame
 *(.debug_frame)

.debug_str
 *(.debug_str)

.debug_loc
 *(.debug_loc)

.debug_macinfo
 *(.debug_macinfo)

.debug_weaknames
 *(.debug_weaknames)

.debug_funcnames
 *(.debug_funcnames)

.debug_typenames
 *(.debug_typenames)

.debug_varnames
 *(.debug_varnames)

.debug_pubtypes
 *(.debug_pubtypes)

.debug_ranges
 *(.debug_ranges)

.gnu.attributes
                0x0000000000000000       0x14
 *(.gnu.attributes)
 .gnu.attributes
                0x0000000000000000       0x10 testMicrolabBox.o07
 .gnu.attributes
                0x0000000000000010       0x10 rti_sim_engine.o07
 .gnu.attributes
                0x0000000000000020       0x10 rt_sim.o07
 .gnu.attributes
                0x0000000000000030       0x10 rti_assert.o07
 .gnu.attributes
                0x0000000000000040       0x14 C:\Program Files\dSPACE RCPHIL 2018-A\DS1202\Lib/libm_fastpow.a(w_pow.o)
 .gnu.attributes
                0x0000000000000054       0x14 C:\Program Files\dSPACE RCPHIL 2018-A\DS1202\Lib/libm_fastpow.a(e_pow.o)
 .gnu.attributes
                0x0000000000000068       0x14 C:\Program Files\dSPACE RCPHIL 2018-A\DS1202\Lib/libm_fastpow.a(s_scalbn.o)

/DISCARD/
 *(.note.GNU-stack)
 *(.gnu_debuglink)
OUTPUT(testMicrolabBox.ppc elf32-powerpc)
