<*GNU-Linker-generated-mapfile*> 
Archive member included to satisfy reference by file (symbol)

C:\Program Files\dSPACE RCPHIL 2018-A\DS1202\Lib/librtversion.a(RtVersion.o)
                              (--whole-archive)
C:\Program Files\dSPACE RCPHIL 2018-A\DS1202\Lib/librtglobals.a(DsEESPort.o)
                              (--whole-archive)
C:\Program Files\dSPACE RCPHIL 2018-A\DS1202\Lib/libm_fastpow.a(w_pow.o)
                              C:\Program Files\dSPACE RCPHIL 2018-A\DS1202\Lib/librt1202.so (pow)
C:\Program Files\dSPACE RCPHIL 2018-A\DS1202\Lib/libm_fastpow.a(e_pow.o)
                              C:\Program Files\dSPACE RCPHIL 2018-A\DS1202\Lib/libm_fastpow.a(w_pow.o) (__ieee754_pow)
C:\Program Files\dSPACE RCPHIL 2018-A\DS1202\Lib/libm_fastpow.a(s_scalbn.o)
                              C:\Program Files\dSPACE RCPHIL 2018-A\DS1202\Lib/libm_fastpow.a(e_pow.o) (scalbn)

As-needed library included to satisfy reference by file (symbol)

libDsRealTimeTestingRP.so.1   rti_sim_engine.o07 (dsrtt_script_service_pre_computation)

Memory Configuration

Name             Origin             Length             Attributes
*default*        0x0000000000000000 0xffffffffffffffff

Linker script and memory map

LOAD C:\ProgramData\dSPACE\071346EA-BFFA-4465-9551-2E48EDF35320\Compiler\QNX650_520\target\qnx6/ppcbe/lib/crt1.o
LOAD C:\ProgramData\dSPACE\071346EA-BFFA-4465-9551-2E48EDF35320\Compiler\QNX650_520\target\qnx6/ppcbe/lib/crti.o
LOAD c:/programdata/dspace/071346ea-bffa-4465-9551-2e48edf35320/compiler/qnx650_520/host/win32/x86/usr/bin/../lib/gcc/powerpc-unknown-nto-qnx6.5.0/5.2.0/crtbegin.o
                0x0000000000000000                _DSPACE_START = 0x0
                0x0000000000000000                _DSPACE_START_ = 0x0
                0x00000000000004b2                DS_TARGET_PLATFORM = 0x4b2
START GROUP
LOAD Control_APF7_algoritmo_wrapper.o07
LOAD seguidor_wrapper.o07
LOAD seguidor12_wrapper.o07
LOAD seguidor3_wrapper.o07
LOAD seguidor4_wrapper.o07
LOAD seguidor_2S_wrapper.o07
LOAD Control_APF7_MicroLabBox.o07
LOAD Control_APF7_MicroLabBox_capi.o07
LOAD Control_APF7_MicroLabBox_data.o07
LOAD Control_APF7_MicroLabBox_trc_ptr.o07
LOAD rtGetInf.o07
LOAD rtGetNaN.o07
LOAD rt_nonfinite.o07
LOAD rti_sim_engine.o07
LOAD rti_init_c.o07
LOAD rt_sim.o07
LOAD rti_assert.o07
LOAD C:\Program Files\dSPACE RCPHIL 2018-A\DS1202\Lib/librtcan.so
LOAD C:\Program Files\dSPACE RCPHIL 2018-A\DS1202\Lib/librtj1939.so
LOAD C:\Program Files\dSPACE RCPHIL 2018-A\DS1202\Lib/librtser.so
LOAD C:\Program Files\dSPACE RCPHIL 2018-A\DS1202\Lib/librt13xxio.so
LOAD C:\Program Files\dSPACE RCPHIL 2018-A\DS1202\Lib/librt1202.so
LOAD C:\Program Files\dSPACE RCPHIL 2018-A\DS1202\Lib/librtwrap.so
LOAD C:\Program Files\dSPACE RCPHIL 2018-A\DS1202\Lib/librtversion.a
LOAD C:\Program Files\dSPACE RCPHIL 2018-A\DS1202\Lib/librtglobals.a
LOAD C:\Program Files\dSPACE RCPHIL 2018-A\DS1202\Lib/libm_fastpow.a
END GROUP
LOAD C:\Program Files\dSPACE RCPHIL 2018-A\DS1202\Lib/libstdc++.so
LOAD C:\ProgramData\dSPACE\071346EA-BFFA-4465-9551-2E48EDF35320\Compiler\QNX650_520\target\qnx6/ppcbe/lib/libm.so
LOAD c:/programdata/dspace/071346ea-bffa-4465-9551-2e48edf35320/compiler/qnx650_520/host/win32/x86/usr/bin/../lib/gcc/powerpc-unknown-nto-qnx6.5.0/5.2.0\libgcc.a
LOAD C:\ProgramData\dSPACE\071346EA-BFFA-4465-9551-2E48EDF35320\Compiler\QNX650_520\target\qnx6/ppcbe/lib/libc.so
LOAD C:\ProgramData\dSPACE\071346EA-BFFA-4465-9551-2E48EDF35320\Compiler\QNX650_520\target\qnx6/ppcbe/lib\libc.a
LOAD c:/programdata/dspace/071346ea-bffa-4465-9551-2e48edf35320/compiler/qnx650_520/host/win32/x86/usr/bin/../lib/gcc/powerpc-unknown-nto-qnx6.5.0/5.2.0\libgcc.a
LOAD c:/programdata/dspace/071346ea-bffa-4465-9551-2e48edf35320/compiler/qnx650_520/host/win32/x86/usr/bin/../lib/gcc/powerpc-unknown-nto-qnx6.5.0/5.2.0/crtend.o
LOAD C:\ProgramData\dSPACE\071346EA-BFFA-4465-9551-2E48EDF35320\Compiler\QNX650_520\target\qnx6/ppcbe/lib/crtn.o
                [!provide]                        PROVIDE (__stack, 0x0)
                [!provide]                        PROVIDE (___stack, 0x0)
                [!provide]                        PROVIDE (__executable_start, 0x48040000)
                0x0000000048040134                . = (0x48040000 + SIZEOF_HEADERS)

.interp         0x0000000048040134       0x14
 *(.interp)
 .interp        0x0000000048040134       0x14 C:\ProgramData\dSPACE\071346EA-BFFA-4465-9551-2E48EDF35320\Compiler\QNX650_520\target\qnx6/ppcbe/lib/crt1.o

.note           0x0000000048040150       0x18
 .note          0x0000000048040150       0x18 C:\ProgramData\dSPACE\071346EA-BFFA-4465-9551-2E48EDF35320\Compiler\QNX650_520\target\qnx6/ppcbe/lib/crtn.o

.note.gnu.build-id
                0x0000000048040168       0x20
 *(.note.gnu.build-id)
 .note.gnu.build-id
                0x0000000048040168       0x20 C:\ProgramData\dSPACE\071346EA-BFFA-4465-9551-2E48EDF35320\Compiler\QNX650_520\target\qnx6/ppcbe/lib/crt1.o

.hash           0x0000000048040188      0x344
 *(.hash)
 .hash          0x0000000048040188      0x344 C:\ProgramData\dSPACE\071346EA-BFFA-4465-9551-2E48EDF35320\Compiler\QNX650_520\target\qnx6/ppcbe/lib/crt1.o

.gnu.hash
 *(.gnu.hash)

.dynsym         0x00000000480404cc      0x6e0
 *(.dynsym)
 .dynsym        0x00000000480404cc      0x6e0 C:\ProgramData\dSPACE\071346EA-BFFA-4465-9551-2E48EDF35320\Compiler\QNX650_520\target\qnx6/ppcbe/lib/crt1.o

.dynstr         0x0000000048040bac      0x8fe
 *(.dynstr)
 .dynstr        0x0000000048040bac      0x8fe C:\ProgramData\dSPACE\071346EA-BFFA-4465-9551-2E48EDF35320\Compiler\QNX650_520\target\qnx6/ppcbe/lib/crt1.o

.gnu.version    0x00000000480414aa        0x0
 *(.gnu.version)
 .gnu.version   0x00000000480414aa        0x0 C:\ProgramData\dSPACE\071346EA-BFFA-4465-9551-2E48EDF35320\Compiler\QNX650_520\target\qnx6/ppcbe/lib/crt1.o

.gnu.version_d  0x00000000480414ac        0x0
 *(.gnu.version_d)
 .gnu.version_d
                0x00000000480414ac        0x0 C:\ProgramData\dSPACE\071346EA-BFFA-4465-9551-2E48EDF35320\Compiler\QNX650_520\target\qnx6/ppcbe/lib/crt1.o

.gnu.version_r  0x00000000480414ac        0x0
 *(.gnu.version_r)
 .gnu.version_r
                0x00000000480414ac        0x0 C:\ProgramData\dSPACE\071346EA-BFFA-4465-9551-2E48EDF35320\Compiler\QNX650_520\target\qnx6/ppcbe/lib/crt1.o

.rel.dyn
 *(.rel.init)
 *(.rel.text .rel.text.* .rel.gnu.linkonce.t.*)
 *(.rel.fini)
 *(.rel.rodata .rel.rodata.* .rel.gnu.linkonce.r.*)
 *(.rel.data.rel.ro* .rel.gnu.linkonce.d.rel.ro.*)
 *(.rel.data .rel.data.* .rel.gnu.linkonce.d.*)
 *(.rel.tdata .rel.tdata.* .rel.gnu.linkonce.td.*)
 *(.rel.tbss .rel.tbss.* .rel.gnu.linkonce.tb.*)
 *(.rel.ctors)
 *(.rel.dtors)
 *(.rel.got)
 *(.rel.sdata .rel.sdata.* .rel.gnu.linkonce.s.*)
 *(.rel.sbss .rel.sbss.* .rel.gnu.linkonce.sb.*)
 *(.rel.sdata2 .rel.sdata2.* .rel.gnu.linkonce.s2.*)
 *(.rel.sbss2 .rel.sbss2.* .rel.gnu.linkonce.sb2.*)
 *(.rel.bss .rel.bss.* .rel.gnu.linkonce.b.*)

.rela.dyn       0x00000000480414ac       0x6c
 *(.rela.init)
 *(.rela.text .rela.text.* .rela.gnu.linkonce.t.*)
 .rela.text     0x00000000480414ac        0x0 C:\ProgramData\dSPACE\071346EA-BFFA-4465-9551-2E48EDF35320\Compiler\QNX650_520\target\qnx6/ppcbe/lib/crt1.o
 *(.rela.fini)
 *(.rela.rodata .rela.rodata.* .rela.gnu.linkonce.r.*)
 .rela.rodata   0x00000000480414ac        0x0 C:\ProgramData\dSPACE\071346EA-BFFA-4465-9551-2E48EDF35320\Compiler\QNX650_520\target\qnx6/ppcbe/lib/crt1.o
 *(.rela.data .rela.data.* .rela.gnu.linkonce.d.*)
 *(.rela.tdata .rela.tdata.* .rela.gnu.linkonce.td.*)
 *(.rela.tbss .rela.tbss.* .rela.gnu.linkonce.tb.*)
 *(.rela.ctors)
 *(.rela.dtors)
 *(.rela.got)
 .rela.got      0x00000000480414ac       0x48 C:\ProgramData\dSPACE\071346EA-BFFA-4465-9551-2E48EDF35320\Compiler\QNX650_520\target\qnx6/ppcbe/lib/crt1.o
 *(.rela.got1)
 *(.rela.got2)
 *(.rela.sdata .rela.sdata.* .rela.gnu.linkonce.s.*)
 *(.rela.sbss .rela.sbss.* .rela.gnu.linkonce.sb.*)
 .rela.sbss     0x00000000480414f4        0x0 C:\ProgramData\dSPACE\071346EA-BFFA-4465-9551-2E48EDF35320\Compiler\QNX650_520\target\qnx6/ppcbe/lib/crt1.o
 *(.rela.sdata2 .rela.sdata2.* .rela.gnu.linkonce.s2.*)
 *(.rela.sbss2 .rela.sbss2.* .rela.gnu.linkonce.sb2.*)
 *(.rela.bss .rela.bss.* .rela.gnu.linkonce.b.*)
 .rela.bss      0x00000000480414f4       0x24 C:\ProgramData\dSPACE\071346EA-BFFA-4465-9551-2E48EDF35320\Compiler\QNX650_520\target\qnx6/ppcbe/lib/crt1.o
 .rela.iplt     0x0000000048041518        0x0 C:\ProgramData\dSPACE\071346EA-BFFA-4465-9551-2E48EDF35320\Compiler\QNX650_520\target\qnx6/ppcbe/lib/crt1.o

.rel.plt
 *(.rel.plt)

.rela.plt       0x0000000048041518      0x444
 *(.rela.plt)
 .rela.plt      0x0000000048041518      0x444 C:\ProgramData\dSPACE\071346EA-BFFA-4465-9551-2E48EDF35320\Compiler\QNX650_520\target\qnx6/ppcbe/lib/crt1.o

.init           0x000000004804195c       0x24
 *(.init)
 .init          0x000000004804195c        0xc C:\ProgramData\dSPACE\071346EA-BFFA-4465-9551-2E48EDF35320\Compiler\QNX650_520\target\qnx6/ppcbe/lib/crti.o
                0x000000004804195c                _init
 .init          0x0000000048041968        0x4 c:/programdata/dspace/071346ea-bffa-4465-9551-2e48edf35320/compiler/qnx650_520/host/win32/x86/usr/bin/../lib/gcc/powerpc-unknown-nto-qnx6.5.0/5.2.0/crtbegin.o
 .init          0x000000004804196c        0x4 c:/programdata/dspace/071346ea-bffa-4465-9551-2e48edf35320/compiler/qnx650_520/host/win32/x86/usr/bin/../lib/gcc/powerpc-unknown-nto-qnx6.5.0/5.2.0/crtend.o
 .init          0x0000000048041970       0x10 C:\ProgramData\dSPACE\071346EA-BFFA-4465-9551-2E48EDF35320\Compiler\QNX650_520\target\qnx6/ppcbe/lib/crtn.o

.text           0x0000000048041980     0x5fec
                0x0000000048041980                _btext = .
 *(.text .stub .text.* .gnu.linkonce.t.*)
 .text          0x0000000048041980      0x118 C:\ProgramData\dSPACE\071346EA-BFFA-4465-9551-2E48EDF35320\Compiler\QNX650_520\target\qnx6/ppcbe/lib/crt1.o
                0x0000000048041980                _start
 .text          0x0000000048041a98        0x0 C:\ProgramData\dSPACE\071346EA-BFFA-4465-9551-2E48EDF35320\Compiler\QNX650_520\target\qnx6/ppcbe/lib/crti.o
 .text          0x0000000048041a98      0x2b0 c:/programdata/dspace/071346ea-bffa-4465-9551-2e48edf35320/compiler/qnx650_520/host/win32/x86/usr/bin/../lib/gcc/powerpc-unknown-nto-qnx6.5.0/5.2.0/crtbegin.o
 *fill*         0x0000000048041d48        0x8 00000000
 .text          0x0000000048041d50      0xd10 Control_APF7_algoritmo_wrapper.o07
                0x0000000048041d50                Control_APF7_algoritmo_Outputs_wrapper
 .text          0x0000000048042a60       0x1c seguidor_wrapper.o07
                0x0000000048042a60                seguidor_Outputs_wrapper
 *fill*         0x0000000048042a7c        0x4 00000000
 .text          0x0000000048042a80       0x64 seguidor12_wrapper.o07
                0x0000000048042a80                seguidor12_Outputs_wrapper
 *fill*         0x0000000048042ae4        0xc 00000000
 .text          0x0000000048042af0       0x34 seguidor3_wrapper.o07
                0x0000000048042af0                seguidor3_Outputs_wrapper
 *fill*         0x0000000048042b24        0xc 00000000
 .text          0x0000000048042b30       0x1c seguidor4_wrapper.o07
                0x0000000048042b30                seguidor4_Outputs_wrapper
 *fill*         0x0000000048042b4c        0x4 00000000
 .text          0x0000000048042b50       0x14 seguidor_2S_wrapper.o07
                0x0000000048042b50                seguidor_2S_Outputs_wrapper
 *fill*         0x0000000048042b64        0xc 00000000
 .text          0x0000000048042b70     0x1b18 Control_APF7_MicroLabBox.o07
                0x0000000048042e40                rt_TDelayInterpolate
                0x0000000048042e70                look1_binlxpw
                0x0000000048042f80                rt_remd_snf
                0x00000000480430c0                Control_APF7_MicroLabBox_output
                0x0000000048044130                Control_APF7_MicroLabBox_update
                0x00000000480442e0                Control_APF7_MicroLabBox_initialize
                0x0000000048044440                Control_APF7_MicroLabBox_terminate
 *fill*         0x0000000048044688        0x8 00000000
 .text          0x0000000048044690       0x58 Control_APF7_MicroLabBox_capi.o07
                0x0000000048044690                Control_APF7_MicroLabBox_GetCAPIStaticMap
                0x00000000480446a0                Control_APF7_MicroLabBox_InitializeDataMapInfo
 .text          0x00000000480446e8        0x0 Control_APF7_MicroLabBox_data.o07
 .text          0x00000000480446e8       0xa4 Control_APF7_MicroLabBox_trc_ptr.o07
                0x0000000048044758                Control_APF7_MicroLabBox_rti_init_trc_pointers
 *fill*         0x000000004804478c        0x4 00000000
 .text          0x0000000048044790       0x5c rtGetInf.o07
                0x0000000048044790                rtGetInf
                0x00000000480447b0                rtGetInfF
                0x00000000480447c0                rtGetMinusInf
                0x00000000480447e0                rtGetMinusInfF
 *fill*         0x00000000480447ec        0x4 00000000
 .text          0x00000000480447f0       0x3c rtGetNaN.o07
                0x00000000480447f0                rtGetNaN
                0x0000000048044820                rtGetNaNF
 *fill*         0x000000004804482c        0x4 00000000
 .text          0x0000000048044830      0x158 rt_nonfinite.o07
                0x0000000048044830                rt_InitInfAndNaN
                0x0000000048044890                rtIsInf
                0x00000000480448c0                rtIsInfF
                0x00000000480448f0                rtIsNaN
                0x0000000048044940                rtIsNaNF
 *fill*         0x0000000048044988        0x8 00000000
 .text          0x0000000048044990      0xcb4 rti_sim_engine.o07
                0x00000000480455d0                rtk_idle_function
                0x00000000480455e0                rti_th_timertask1_trigger_source
                0x0000000048045630                initConditions
                0x0000000048045640                initVariables
 *fill*         0x0000000048045644        0xc 00000000
 .text.startup  0x0000000048045650     0x1708 rti_sim_engine.o07
                0x0000000048045650                main
 *fill*         0x0000000048046d58        0x8 00000000
 .text          0x0000000048046d60       0x40 rti_init_c.o07
                0x0000000048046d60                rti_init
 .text          0x0000000048046da0       0x44 rt_sim.o07
                0x0000000048046da0                rt_SimInitTimingEngine
                0x0000000048046dd0                rt_SimGetNextSampleHit
                0x0000000048046de0                rt_SimUpdateDiscreteTaskSampleHits
 *fill*         0x0000000048046de4        0xc 00000000
 .text          0x0000000048046df0       0xd4 rti_assert.o07
                0x0000000048046df0                rti_assertion_handler
                0x0000000048046e80                rti_assertion_mode_msg
 .text          0x0000000048046ec4        0x0 C:\Program Files\dSPACE RCPHIL 2018-A\DS1202\Lib/librtversion.a(RtVersion.o)
 *fill*         0x0000000048046ec4        0xc 00000000
 .text          0x0000000048046ed0        0x4 C:\Program Files\dSPACE RCPHIL 2018-A\DS1202\Lib/librtglobals.a(DsEESPort.o)
                0x0000000048046ed0                DsEesPort_init()
 .text          0x0000000048046ed4       0x20 C:\Program Files\dSPACE RCPHIL 2018-A\DS1202\Lib/libm_fastpow.a(w_pow.o)
                0x0000000048046ed4                pow
 .text          0x0000000048046ef4      0x85c C:\Program Files\dSPACE RCPHIL 2018-A\DS1202\Lib/libm_fastpow.a(e_pow.o)
                0x0000000048046ef4                __ieee754_pow
 .text          0x0000000048047750      0x188 C:\Program Files\dSPACE RCPHIL 2018-A\DS1202\Lib/libm_fastpow.a(s_scalbn.o)
                0x0000000048047750                scalbn
 .text          0x00000000480478d8       0x94 c:/programdata/dspace/071346ea-bffa-4465-9551-2e48edf35320/compiler/qnx650_520/host/win32/x86/usr/bin/../lib/gcc/powerpc-unknown-nto-qnx6.5.0/5.2.0/crtend.o
 .text          0x000000004804796c        0x0 C:\ProgramData\dSPACE\071346EA-BFFA-4465-9551-2E48EDF35320\Compiler\QNX650_520\target\qnx6/ppcbe/lib/crtn.o
 *(.gnu.warning)
 *(.glink)
 .glink         0x000000004804796c        0x0 C:\ProgramData\dSPACE\071346EA-BFFA-4465-9551-2E48EDF35320\Compiler\QNX650_520\target\qnx6/ppcbe/lib/crt1.o

.fini           0x000000004804796c       0x20
 *(.fini)
 .fini          0x000000004804796c        0xc C:\ProgramData\dSPACE\071346EA-BFFA-4465-9551-2E48EDF35320\Compiler\QNX650_520\target\qnx6/ppcbe/lib/crti.o
                0x000000004804796c                _fini
 .fini          0x0000000048047978        0x4 c:/programdata/dspace/071346ea-bffa-4465-9551-2e48edf35320/compiler/qnx650_520/host/win32/x86/usr/bin/../lib/gcc/powerpc-unknown-nto-qnx6.5.0/5.2.0/crtbegin.o
 .fini          0x000000004804797c       0x10 C:\ProgramData\dSPACE\071346EA-BFFA-4465-9551-2E48EDF35320\Compiler\QNX650_520\target\qnx6/ppcbe/lib/crtn.o
                [!provide]                        PROVIDE (__etext, .)
                0x000000004804798c                PROVIDE (_etext, .)
                [!provide]                        PROVIDE (etext, .)

.rodata         0x0000000048047990     0x1b88
 *(.rodata .rodata.* .gnu.linkonce.r.*)
 .rodata.cst4   0x0000000048047990       0x1c Control_APF7_algoritmo_wrapper.o07
 *fill*         0x00000000480479ac        0x4 
 .rodata.cst8   0x00000000480479b0       0x78 Control_APF7_algoritmo_wrapper.o07
 .rodata        0x0000000048047a28        0x4 Control_APF7_MicroLabBox.o07
                0x0000000048047a28                Control_APF7_MicroLabBox_M
 .rodata.cst4   0x0000000048047a2c       0x14 Control_APF7_MicroLabBox.o07
                                         0x1c (size before relaxing)
 .rodata.cst8   0x0000000048047a40       0x10 Control_APF7_MicroLabBox.o07
                                         0x18 (size before relaxing)
 .rodata.str1.4
                0x0000000048047a50       0x12 Control_APF7_MicroLabBox.o07
 *fill*         0x0000000048047a62        0x6 
 .rodata        0x0000000048047a68      0x850 Control_APF7_MicroLabBox_capi.o07
 .rodata.str1.4
                0x00000000480482b8      0xda4 Control_APF7_MicroLabBox_capi.o07
                                        0xda8 (size before relaxing)
 .rodata.cst4   0x000000004804905c        0x8 rtGetInf.o07
 .rodata.cst4   0x0000000048049064        0x4 rtGetNaN.o07
 .rodata        0x0000000048049068        0xc rti_sim_engine.o07
                0x0000000048049068                rtiDataSetStorageEnabled
                0x000000004804906c                p_dsts_sum_of_reset_time
                0x0000000048049070                p_msg_last_error_no
 .rodata.cst4   0x0000000048049074        0x8 rti_sim_engine.o07
 *fill*         0x0000000048049074        0x4 
 .rodata.cst8   0x0000000048049078        0x8 rti_sim_engine.o07
                                         0x10 (size before relaxing)
 .rodata.str1.4
                0x0000000048049080      0x268 rti_sim_engine.o07
 .rodata.cst4   0x00000000480492e8        0x4 rt_sim.o07
                                          0x8 (size before relaxing)
 .rodata.str1.4
                0x00000000480492ec       0x71 rt_sim.o07
 *fill*         0x000000004804935d        0x3 
 .rodata.str1.4
                0x0000000048049360       0x70 rti_assert.o07
                                         0x6d (size before relaxing)
 .rodata        0x00000000480493d0       0x30 C:\Program Files\dSPACE RCPHIL 2018-A\DS1202\Lib/libm_fastpow.a(e_pow.o)
 .rodata.cst4   0x0000000048049400        0x8 C:\Program Files\dSPACE RCPHIL 2018-A\DS1202\Lib/libm_fastpow.a(e_pow.o)
 .rodata.cst8   0x0000000048049408       0xe0 C:\Program Files\dSPACE RCPHIL 2018-A\DS1202\Lib/libm_fastpow.a(e_pow.o)
                                         0xe8 (size before relaxing)
 .rodata.cst8   0x00000000480494e8       0x30 C:\Program Files\dSPACE RCPHIL 2018-A\DS1202\Lib/libm_fastpow.a(s_scalbn.o)

.rodata1
 *(.rodata1)

.sdata2         0x0000000048049518        0x0
                0x0000000000008000                PROVIDE (_SDA2_BASE_, 0x8000)
 *(.sdata2 .sdata2.* .gnu.linkonce.s2.*)
 .sdata2        0x0000000048049518        0x0 C:\ProgramData\dSPACE\071346EA-BFFA-4465-9551-2E48EDF35320\Compiler\QNX650_520\target\qnx6/ppcbe/lib/crt1.o

.sbss2
 *(.sbss2 .sbss2.* .gnu.linkonce.sb2.*)

.eh_frame_hdr   0x0000000048049518       0x14
 *(.eh_frame_hdr)
 .eh_frame_hdr  0x0000000048049518       0x14 C:\Program Files\dSPACE RCPHIL 2018-A\DS1202\Lib/librtglobals.a(DsEESPort.o)

.eh_frame       0x000000004804952c       0x2c
 *(.eh_frame)
 .eh_frame      0x000000004804952c        0x0 C:\ProgramData\dSPACE\071346EA-BFFA-4465-9551-2E48EDF35320\Compiler\QNX650_520\target\qnx6/ppcbe/lib/crt1.o
 .eh_frame      0x000000004804952c        0x0 c:/programdata/dspace/071346ea-bffa-4465-9551-2e48edf35320/compiler/qnx650_520/host/win32/x86/usr/bin/../lib/gcc/powerpc-unknown-nto-qnx6.5.0/5.2.0/crtbegin.o
 .eh_frame      0x000000004804952c       0x28 C:\Program Files\dSPACE RCPHIL 2018-A\DS1202\Lib/librtglobals.a(DsEESPort.o)
 .eh_frame      0x0000000048049554        0x4 c:/programdata/dspace/071346ea-bffa-4465-9551-2e48edf35320/compiler/qnx650_520/host/win32/x86/usr/bin/../lib/gcc/powerpc-unknown-nto-qnx6.5.0/5.2.0/crtend.o

.gcc_except_table
 *(.gcc_except_table .gcc_except_table.*)
                0x0000000048049558                . = (ALIGN (0x1000) - ((0x1000 - .) & 0xfff))
                0x000000004804a558                . = DATA_SEGMENT_ALIGN (0x1000, 0x1000)

.eh_frame
 *(.eh_frame)

.gcc_except_table
 *(.gcc_except_table .gcc_except_table.*)

.tdata
 *(.tdata .tdata.* .gnu.linkonce.td.*)

.tbss
 *(.tbss .tbss.* .gnu.linkonce.tb.*)
 *(.tcommon)

.preinit_array  0x000000004804a558        0x0
                0x000000004804a558                PROVIDE (__preinit_array_start, .)
 *(.preinit_array)
                0x000000004804a558                PROVIDE (__preinit_array_end, .)

.init_array     0x000000004804a558        0x0
                0x000000004804a558                PROVIDE (__init_array_start, .)
 *(SORT(.init_array.*))
 *(.init_array)
                0x000000004804a558                PROVIDE (__init_array_end, .)

.fini_array     0x000000004804a558        0x0
                0x000000004804a558                PROVIDE (__fini_array_start, .)
 *(.fini_array)
 *(SORT(.fini_array.*))
                0x000000004804a558                PROVIDE (__fini_array_end, .)

.ctors          0x000000004804a558        0x8
 *crtbegin.o(.ctors)
 .ctors         0x000000004804a558        0x4 c:/programdata/dspace/071346ea-bffa-4465-9551-2e48edf35320/compiler/qnx650_520/host/win32/x86/usr/bin/../lib/gcc/powerpc-unknown-nto-qnx6.5.0/5.2.0/crtbegin.o
 *crtbegin?.o(.ctors)
 *(EXCLUDE_FILE(*crtend?.o *crtend.o) .ctors)
 *(SORT(.ctors.*))
 *(.ctors)
 .ctors         0x000000004804a55c        0x4 c:/programdata/dspace/071346ea-bffa-4465-9551-2e48edf35320/compiler/qnx650_520/host/win32/x86/usr/bin/../lib/gcc/powerpc-unknown-nto-qnx6.5.0/5.2.0/crtend.o

.dtors          0x000000004804a560        0x8
 *crtbegin.o(.dtors)
 .dtors         0x000000004804a560        0x4 c:/programdata/dspace/071346ea-bffa-4465-9551-2e48edf35320/compiler/qnx650_520/host/win32/x86/usr/bin/../lib/gcc/powerpc-unknown-nto-qnx6.5.0/5.2.0/crtbegin.o
 *crtbegin?.o(.dtors)
 *(EXCLUDE_FILE(*crtend?.o *crtend.o) .dtors)
 *(SORT(.dtors.*))
 *(.dtors)
 .dtors         0x000000004804a564        0x4 c:/programdata/dspace/071346ea-bffa-4465-9551-2e48edf35320/compiler/qnx650_520/host/win32/x86/usr/bin/../lib/gcc/powerpc-unknown-nto-qnx6.5.0/5.2.0/crtend.o
                0x000000004804a564                __DTOR_END__

.jcr            0x000000004804a568        0x4
 *(.jcr)
 .jcr           0x000000004804a568        0x0 c:/programdata/dspace/071346ea-bffa-4465-9551-2e48edf35320/compiler/qnx650_520/host/win32/x86/usr/bin/../lib/gcc/powerpc-unknown-nto-qnx6.5.0/5.2.0/crtbegin.o
 .jcr           0x000000004804a568        0x4 c:/programdata/dspace/071346ea-bffa-4465-9551-2e48edf35320/compiler/qnx650_520/host/win32/x86/usr/bin/../lib/gcc/powerpc-unknown-nto-qnx6.5.0/5.2.0/crtend.o

.data.rel.ro
 *(.data.rel.ro.local* .gnu.linkonce.d.rel.ro.local.*)
 *(.data.rel.ro* .gnu.linkonce.d.rel.ro.*)

.fixup
 *(.fixup)

.got1
 *(.got1)

.got2
 *(.got2)

.dynamic        0x000000004804a56c      0x100
 *(.dynamic)
 .dynamic       0x000000004804a56c      0x100 C:\ProgramData\dSPACE\071346EA-BFFA-4465-9551-2E48EDF35320\Compiler\QNX650_520\target\qnx6/ppcbe/lib/crt1.o
                0x000000004804a56c                _DYNAMIC

.got
 *(.got)
                0x000000004804a66c                . = DATA_SEGMENT_RELRO_END (., 0x0)

.plt
 *(.plt)

.data           0x000000004804a670      0x3e8
 *(.data .data.* .gnu.linkonce.d.*)
 .data          0x000000004804a670        0x0 C:\ProgramData\dSPACE\071346EA-BFFA-4465-9551-2E48EDF35320\Compiler\QNX650_520\target\qnx6/ppcbe/lib/crt1.o
 .data          0x000000004804a670        0x0 C:\ProgramData\dSPACE\071346EA-BFFA-4465-9551-2E48EDF35320\Compiler\QNX650_520\target\qnx6/ppcbe/lib/crti.o
 .data          0x000000004804a670        0x0 c:/programdata/dspace/071346ea-bffa-4465-9551-2e48edf35320/compiler/qnx650_520/host/win32/x86/usr/bin/../lib/gcc/powerpc-unknown-nto-qnx6.5.0/5.2.0/crtbegin.o
 .data.rel.local
                0x000000004804a670        0x4 c:/programdata/dspace/071346ea-bffa-4465-9551-2e48edf35320/compiler/qnx650_520/host/win32/x86/usr/bin/../lib/gcc/powerpc-unknown-nto-qnx6.5.0/5.2.0/crtbegin.o
                0x000000004804a670                __dso_handle
 .data          0x000000004804a674       0x38 Control_APF7_algoritmo_wrapper.o07
                0x000000004804a674                Vc
                0x000000004804a690                XI
 .data          0x000000004804a6ac        0x0 seguidor_wrapper.o07
 .data          0x000000004804a6ac        0x0 seguidor12_wrapper.o07
 .data          0x000000004804a6ac        0x0 seguidor3_wrapper.o07
 .data          0x000000004804a6ac        0x0 seguidor4_wrapper.o07
 .data          0x000000004804a6ac        0x0 seguidor_2S_wrapper.o07
 .data          0x000000004804a6ac        0x0 Control_APF7_MicroLabBox.o07
 .data          0x000000004804a6ac      0x174 Control_APF7_MicroLabBox_capi.o07
 .data          0x000000004804a820      0x218 Control_APF7_MicroLabBox_data.o07
                0x000000004804a820                Control_APF7_MicroLabBox_P
 .data          0x000000004804aa38        0x0 Control_APF7_MicroLabBox_trc_ptr.o07
 .data          0x000000004804aa38        0x0 rtGetInf.o07
 .data          0x000000004804aa38        0x0 rtGetNaN.o07
 .data          0x000000004804aa38        0x0 rt_nonfinite.o07
 .data          0x000000004804aa38       0x14 rti_sim_engine.o07
                0x000000004804aa38                simState
                0x000000004804aa48                lastSimState
 .data          0x000000004804aa4c        0x0 rti_init_c.o07
 .data          0x000000004804aa4c        0x0 rt_sim.o07
 .data          0x000000004804aa4c        0x0 rti_assert.o07
 .data          0x000000004804aa4c        0x0 C:\Program Files\dSPACE RCPHIL 2018-A\DS1202\Lib/librtversion.a(RtVersion.o)
 .data          0x000000004804aa4c        0x0 C:\Program Files\dSPACE RCPHIL 2018-A\DS1202\Lib/librtglobals.a(DsEESPort.o)
 .data.rel      0x000000004804aa4c        0xc C:\Program Files\dSPACE RCPHIL 2018-A\DS1202\Lib/librtglobals.a(DsEESPort.o)
                0x000000004804aa4c                p_xilapi_eesport_errorswitching_uint32_T
                0x000000004804aa50                p_xilapi_eesport_erroractivated_uint32_T
                0x000000004804aa54                p_xilapi_eesport_activeerrorset_uint32_T
 .data          0x000000004804aa58        0x0 C:\Program Files\dSPACE RCPHIL 2018-A\DS1202\Lib/libm_fastpow.a(w_pow.o)
 .data          0x000000004804aa58        0x0 C:\Program Files\dSPACE RCPHIL 2018-A\DS1202\Lib/libm_fastpow.a(e_pow.o)
 .data          0x000000004804aa58        0x0 C:\Program Files\dSPACE RCPHIL 2018-A\DS1202\Lib/libm_fastpow.a(s_scalbn.o)
 .data          0x000000004804aa58        0x0 c:/programdata/dspace/071346ea-bffa-4465-9551-2e48edf35320/compiler/qnx650_520/host/win32/x86/usr/bin/../lib/gcc/powerpc-unknown-nto-qnx6.5.0/5.2.0/crtend.o
 .data          0x000000004804aa58        0x0 C:\ProgramData\dSPACE\071346EA-BFFA-4465-9551-2E48EDF35320\Compiler\QNX650_520\target\qnx6/ppcbe/lib/crtn.o

.tm_clone_table
                0x000000004804aa58        0x0
 .tm_clone_table
                0x000000004804aa58        0x0 c:/programdata/dspace/071346ea-bffa-4465-9551-2e48edf35320/compiler/qnx650_520/host/win32/x86/usr/bin/../lib/gcc/powerpc-unknown-nto-qnx6.5.0/5.2.0/crtbegin.o
 .tm_clone_table
                0x000000004804aa58        0x0 c:/programdata/dspace/071346ea-bffa-4465-9551-2e48edf35320/compiler/qnx650_520/host/win32/x86/usr/bin/../lib/gcc/powerpc-unknown-nto-qnx6.5.0/5.2.0/crtend.o

.data1
 *(.data1)

.got            0x000000004804aa58       0x54
 *(.got)
 .got           0x000000004804aa58       0x54 C:\ProgramData\dSPACE\071346EA-BFFA-4465-9551-2E48EDF35320\Compiler\QNX650_520\target\qnx6/ppcbe/lib/crt1.o
                0x000000004804aaa0                _GLOBAL_OFFSET_TABLE_

.sdata          0x000000004804aaac        0x0
                0x0000000000008000                PROVIDE (_SDA_BASE_, 0x8000)
 *(.sdata .sdata.* .gnu.linkonce.s.*)
 .sdata         0x000000004804aaac        0x0 C:\ProgramData\dSPACE\071346EA-BFFA-4465-9551-2E48EDF35320\Compiler\QNX650_520\target\qnx6/ppcbe/lib/crt1.o
                0x000000004804aaac                _edata = .
                [!provide]                        PROVIDE (edata, .)
                0x000000004804aaac                __bss_start = .

.sbss           0x000000004804aaac        0x0
                [!provide]                        PROVIDE (__sbss_start, .)
                [!provide]                        PROVIDE (___sbss_start, .)
 *(.dynsbss)
 .dynsbss       0x000000004804aaac        0x0 C:\ProgramData\dSPACE\071346EA-BFFA-4465-9551-2E48EDF35320\Compiler\QNX650_520\target\qnx6/ppcbe/lib/crt1.o
 *(.sbss .sbss.* .gnu.linkonce.sb.*)
 *(.scommon)
                [!provide]                        PROVIDE (__sbss_end, .)
                [!provide]                        PROVIDE (___sbss_end, .)

.plt            0x000000004804aaac      0x48c
 *(.plt)
 .plt           0x000000004804aaac      0x48c C:\ProgramData\dSPACE\071346EA-BFFA-4465-9551-2E48EDF35320\Compiler\QNX650_520\target\qnx6/ppcbe/lib/crt1.o
                0x000000004804aaf4                ts_reset
                0x000000004804aafc                __register_frame_info
                0x000000004804ab04                msg_error_clear
                0x000000004804ab0c                AdcCl1AnalogIn_read
                0x000000004804ab14                dsrtt_set_current_time
                0x000000004804ab1c                sqrt
                0x000000004804ab24                rtk_current_task_absolute_time_ptr_get
                0x000000004804ab2c                DsTimeSync_simstateRun
                0x000000004804ab34                DioCl1PwmOut_setPeriod
                0x000000004804ab3c                floor
                0x000000004804ab44                DioCl1PwmOut_setOutputHighZ
                0x000000004804ab4c                rtk_setup_temp_overrun_handling
                0x000000004804ab54                DioCl1DigOut_setChMaskOutData
                0x000000004804ab5c                ceil
                0x000000004804ab64                SrtkIntBase_requestTaskMode
                0x000000004804ab6c                rtk_reset_tasks
                0x000000004804ab74                __cxa_finalize
                0x000000004804ab7c                _init_array
                0x000000004804ab84                rtk_set_task_type
                0x000000004804ab8c                DsTimeSync_baserate
                0x000000004804ab94                rtk_task_name_set
                0x000000004804ab9c                DioCl1DigOut_setChMaskOutHighZ
                0x000000004804aba4                dsrtt_script_service_post_computation
                0x000000004804abac                rtk_create_task
                0x000000004804abb4                msg_warning_printf
                0x000000004804abbc                DioCl1PwmOut_start
                0x000000004804abc4                msg_last_error_number
                0x000000004804abcc                AdcCl1AnalogIn_setConversTrigger
                0x000000004804abd4                dsparam_copy_data_set
                0x000000004804abdc                SrtkPreload_preloadRegion
                0x000000004804abe4                msg_error_set
                0x000000004804abec                rtk_enable_services
                0x000000004804abf4                SrtkDaq_Init
                0x000000004804abfc                DioCl1DigOut_setSignalVoltage
                0x000000004804ac04                rtk_task_task_calls_get
                0x000000004804ac0c                DsTimeSync_setCurrentTimePtr
                0x000000004804ac14                SrtkIntBase_enableIntGlobal
                0x000000004804ac1c                AdcCl1AnalogIn_setConversionMode
                0x000000004804ac24                rtk_overrun_flag_clear
                0x000000004804ac2c                rtk_bind_interrupt
                0x000000004804ac34                DioCl1PwmOut_apply
                0x000000004804ac3c                AdcCl1AnalogIn_apply
                0x000000004804ac44                _init_libc
                0x000000004804ac4c                DioCl1PwmOut_setEventDownsample
                0x000000004804ac54                dsrtt_init
                0x000000004804ac5c                AdcCl1AnalogIn_write
                0x000000004804ac64                DioCl1DigOut_write
                0x000000004804ac6c                SrtkApp_terminate
                0x000000004804ac74                DioCl1DigOut_start
                0x000000004804ac7c                DioCl1PwmOut_setDutyCycle
                0x000000004804ac84                AdcCl1AnalogIn_isDataReady
                0x000000004804ac8c                msg_info_set
                0x000000004804ac94                DioCl1PwmOut_create
                0x000000004804ac9c                dsrtt_script_service_pre_computation
                0x000000004804aca4                msg_error_printf
                0x000000004804acac                memset
                0x000000004804acb4                DioCl1DigOut_create
                0x000000004804acbc                rtk_leave_idle_mode
                0x000000004804acc4                fmod
                0x000000004804accc                __wrap_exit
                0x000000004804acd4                DioCl1DigOut_apply
                0x000000004804acdc                __wrap_atexit
                0x000000004804ace4                AdcCl1AnalogIn_start
                0x000000004804acec                _fini_array
                0x000000004804acf4                SrtkDaq_Background
                0x000000004804acfc                _preinit_array
                0x000000004804ad04                SrtkApp_init
                0x000000004804ad0c                DioCl1PwmOut_setInvertingMode
                0x000000004804ad14                SrtkDaq_Service
                0x000000004804ad1c                rtk_task_task_name_get
                0x000000004804ad24                DioCl1PwmOut_setEventDelay
                0x000000004804ad2c                AdcCl1AnalogIn_setConversSwTrigger
                0x000000004804ad34                SrtkSim_notifyStateTransition
                0x000000004804ad3c                AdcCl1AnalogIn_getSingleValue
                0x000000004804ad44                DioCl1PwmOut_setInterruptMode
                0x000000004804ad4c                msg_set
                0x000000004804ad54                DioCl1PwmOut_setSignalVoltage
                0x000000004804ad5c                rtk_get_subentry
                0x000000004804ad64                DioCl1PwmOut_write
                0x000000004804ad6c                dsrtt_set_step_size
                0x000000004804ad74                rtk_enter_idle_mode
                0x000000004804ad7c                DioCl1PwmOut_setUpdateMode
                0x000000004804ad84                rtk_initialize
                0x000000004804ad8c                SrtkApp_background
                0x000000004804ad94                rtk_default_overrun_fcn
                0x000000004804ad9c                AdcCl1AnalogIn_create
                0x000000004804ada4                vcm_module_register
                0x000000004804adac                DsTimeSync_simstateStop
                0x000000004804adb4                SrtkIntBase_disableIntGlobal
                0x000000004804adbc                SrtkSim_registerState
                0x000000004804adc4                __deregister_frame_info

.bss            0x000000004804af38     0x8ca8
 *(.dynbss)
 .dynbss        0x000000004804af38       0x14 C:\ProgramData\dSPACE\071346EA-BFFA-4465-9551-2E48EDF35320\Compiler\QNX650_520\target\qnx6/ppcbe/lib/crt1.o
                0x000000004804af38                errno
                0x000000004804af40                dsts_sum_of_reseted_time
                0x000000004804af48                msg_last_error_no
 *(.bss .bss.* .gnu.linkonce.b.*)
 .bss           0x000000004804af4c        0x0 C:\ProgramData\dSPACE\071346EA-BFFA-4465-9551-2E48EDF35320\Compiler\QNX650_520\target\qnx6/ppcbe/lib/crt1.o
 .bss           0x000000004804af4c        0x0 C:\ProgramData\dSPACE\071346EA-BFFA-4465-9551-2E48EDF35320\Compiler\QNX650_520\target\qnx6/ppcbe/lib/crti.o
 .bss           0x000000004804af4c       0x20 c:/programdata/dspace/071346ea-bffa-4465-9551-2e48edf35320/compiler/qnx650_520/host/win32/x86/usr/bin/../lib/gcc/powerpc-unknown-nto-qnx6.5.0/5.2.0/crtbegin.o
 *fill*         0x000000004804af6c        0x4 
 .bss           0x000000004804af70      0x3bc Control_APF7_algoritmo_wrapper.o07
                0x000000004804af70                Ts
                0x000000004804af78                vas_med
                0x000000004804af7c                vbs_med
                0x000000004804af80                vcs_med
                0x000000004804af84                ial_med
                0x000000004804af88                ibl_med
                0x000000004804af8c                icl_med
                0x000000004804af90                iac_med
                0x000000004804af94                ibc_med
                0x000000004804af98                icc_med
                0x000000004804afa0                Rc
                0x000000004804afa8                Lc
                0x000000004804afb0                Vdc
                0x000000004804afb4                dclink_1
                0x000000004804afb8                dclink_2
                0x000000004804afbc                dclink_3
                0x000000004804afc0                kp
                0x000000004804afc4                ki
                0x000000004804afc8                lamda
                0x000000004804afcc                z
                0x000000004804afd0                e
                0x000000004804afd4                g
                0x000000004804afd8                f
                0x000000004804afdc                x
                0x000000004804afe0                y
                0x000000004804afe4                sat
                0x000000004804afe8                Vas_ant
                0x000000004804afec                Vas_Nant
                0x000000004804aff0                Vas_N
                0x000000004804aff4                Vbs_ant
                0x000000004804aff8                Vbs_Nant
                0x000000004804affc                Vbs_N
                0x000000004804b000                Vcs_ant
                0x000000004804b004                Vcs_Nant
                0x000000004804b008                Vcs_N
                0x000000004804b010                isa
                0x000000004804b018                isb
                0x000000004804b020                isc
                0x000000004804b028                is_alpha
                0x000000004804b02c                is_beta
                0x000000004804b030                il_alpha
                0x000000004804b034                il_beta
                0x000000004804b038                il0
                0x000000004804b03c                vs0
                0x000000004804b040                vs_alpha
                0x000000004804b044                vs_beta
                0x000000004804b048                P_0
                0x000000004804b04c                PS
                0x000000004804b050                QS
                0x000000004804b054                PL
                0x000000004804b058                QL
                0x000000004804b05c                PL_ant
                0x000000004804b060                PLN_ant
                0x000000004804b064                PLN
                0x000000004804b068                QL_ant
                0x000000004804b06c                QLN_ant
                0x000000004804b070                QLN
                0x000000004804b074                QS_ant
                0x000000004804b078                QSN_ant
                0x000000004804b07c                QSN
                0x000000004804b080                Pbarkm1
                0x000000004804b084                PLkm1
                0x000000004804b088                Pbarkm2
                0x000000004804b08c                PLkm2
                0x000000004804b090                Pbar
                0x000000004804b094                err1
                0x000000004804b098                up1
                0x000000004804b09c                ui1_ant
                0x000000004804b0a0                ui1
                0x000000004804b0a4                upi1
                0x000000004804b0a8                err2
                0x000000004804b0ac                up2
                0x000000004804b0b0                ui2_ant
                0x000000004804b0b4                ui2
                0x000000004804b0b8                upi2
                0x000000004804b0bc                err3
                0x000000004804b0c0                up3
                0x000000004804b0c4                ui3_ant
                0x000000004804b0c8                ui3
                0x000000004804b0cc                upi3
                0x000000004804b0d0                upi
                0x000000004804b0d4                Pc1
                0x000000004804b0d8                Pc2
                0x000000004804b0dc                Pc3
                0x000000004804b0e0                Pc
                0x000000004804b0e4                Pcbarkm1
                0x000000004804b0e8                Pckm1
                0x000000004804b0ec                Pcbarkm2
                0x000000004804b0f0                Pckm2
                0x000000004804b0f4                Pcbar
                0x000000004804b0f8                Qc
                0x000000004804b0fc                D
                0x000000004804b100                ic_alpha
                0x000000004804b104                ic_beta
                0x000000004804b108                ica_ref
                0x000000004804b10c                icb_ref
                0x000000004804b110                icc_ref
                0x000000004804b118                C3
                0x000000004804b120                C1
                0x000000004804b128                C2
                0x000000004804b130                fc_Joa
                0x000000004804b138                fc_Job
                0x000000004804b140                fc_Joc
                0x000000004804b148                ioa
                0x000000004804b14c                iob
                0x000000004804b150                ioc
                0x000000004804b154                ind
                0x000000004804b158                ica_barkm2
                0x000000004804b15c                ica_barkm1
                0x000000004804b160                icakm1
                0x000000004804b164                icakm2
                0x000000004804b168                icb_barkm2
                0x000000004804b16c                icb_barkm1
                0x000000004804b170                icbkm1
                0x000000004804b174                icbkm2
                0x000000004804b178                icc_barkm2
                0x000000004804b17c                icc_barkm1
                0x000000004804b180                icckm1
                0x000000004804b184                icckm2
                0x000000004804b188                ica_km1_men
                0x000000004804b18c                icb_km1_men
                0x000000004804b190                icc_km1_men
                0x000000004804b194                ica_km1
                0x000000004804b198                icb_km1
                0x000000004804b19c                icc_km1
                0x000000004804b1a0                ica_bar
                0x000000004804b1a4                icb_bar
                0x000000004804b1a8                icc_bar
                0x000000004804b1b0                dif_a
                0x000000004804b1b8                dif_b
                0x000000004804b1c0                dif_c
                0x000000004804b1c8                fc_Ja
                0x000000004804b1d0                fc_Jb
                0x000000004804b1d8                fc_Jc
                0x000000004804b1e0                vca_ref
                0x000000004804b1e4                vcb_ref
                0x000000004804b1e8                vcc_ref
                0x000000004804b1ec                sat_p
                0x000000004804b1f0                sat_i
                0x000000004804b1f4                d
                0x000000004804b1f8                b
                0x000000004804b1fc                a
                0x000000004804b200                fc_val
                0x000000004804b204                Pcbar_ant
                0x000000004804b208                Pc_ant
                0x000000004804b20c                PL_osc
                0x000000004804b210                N
                0x000000004804b214                ykm1
                0x000000004804b218                ykm2
                0x000000004804b21c                xkm1
                0x000000004804b220                xkm2
                0x000000004804b224                yk
                0x000000004804b228                xk
                0x000000004804b22c                cont4
                0x000000004804b230                cont3
                0x000000004804b234                cont2
                0x000000004804b238                cont1
                0x000000004804b23c                vcapbar
                0x000000004804b240                out
                0x000000004804b244                Ganancia_Icc
                0x000000004804b248                Ganancia_Icb
                0x000000004804b24c                Ganancia_Ica
                0x000000004804b250                Ganancia_Ilc
                0x000000004804b254                Ganancia_Ilb
                0x000000004804b258                Ganancia_Ila
                0x000000004804b25c                Ganancia_Vsc
                0x000000004804b260                Icc_offset
                0x000000004804b264                Icb_offset
                0x000000004804b268                Ica_offset
                0x000000004804b26c                Ilc_offset
                0x000000004804b270                Ilb_offset
                0x000000004804b274                Ila_offset
                0x000000004804b278                suma3
                0x000000004804b27c                suma2
                0x000000004804b280                suma1
                0x000000004804b284                Req
                0x000000004804b288                vcap_c_dif
                0x000000004804b28c                vcap_b_dif
                0x000000004804b290                vcap_a_dif
                0x000000004804b294                vcap_c_km1
                0x000000004804b298                vcap_b_km1
                0x000000004804b29c                vcap_a_km1
                0x000000004804b2a0                ic_aux_beta
                0x000000004804b2a4                ic_aux_alpha
                0x000000004804b2a8                icc_km1_1
                0x000000004804b2ac                icb_km1_1
                0x000000004804b2b0                ica_km1_1
                0x000000004804b2b4                icc_ant
                0x000000004804b2b8                icc_N
                0x000000004804b2bc                icc_Nant
                0x000000004804b2c0                icb_ant
                0x000000004804b2c4                icb_N
                0x000000004804b2c8                icb_Nant
                0x000000004804b2cc                ica_ant
                0x000000004804b2d0                ica_N
                0x000000004804b2d4                ica_Nant
                0x000000004804b2d8                vsp
                0x000000004804b2dc                ic_0
                0x000000004804b2e0                Ganancia_Vsb
                0x000000004804b2e4                Ganancia_Vsa
                0x000000004804b2e8                Vsc_offset
                0x000000004804b2ec                Vsb_offset
                0x000000004804b2f0                Vsa_offset
                0x000000004804b2f4                cont
                0x000000004804b2f8                in
 .bss           0x000000004804b32c        0x0 seguidor_wrapper.o07
 .bss           0x000000004804b32c        0x0 seguidor12_wrapper.o07
 .bss           0x000000004804b32c        0x0 seguidor3_wrapper.o07
 .bss           0x000000004804b32c        0x0 seguidor4_wrapper.o07
 .bss           0x000000004804b32c        0x0 seguidor_2S_wrapper.o07
 *fill*         0x000000004804b32c        0x4 
 .bss           0x000000004804b330     0x8798 Control_APF7_MicroLabBox.o07
                0x000000004804b330                Control_APF7_MicroLabBox_B
                0x000000004804b8f8                Control_APF7_MicroLabBox_DW
                0x0000000048053950                Control_APF7_MicroLabBox_M_
 .bss           0x0000000048053ac8        0x4 Control_APF7_MicroLabBox_capi.o07
 .bss           0x0000000048053acc        0x0 Control_APF7_MicroLabBox_data.o07
 .bss           0x0000000048053acc       0x14 Control_APF7_MicroLabBox_trc_ptr.o07
                0x0000000048053acc                p_0_Control_APF7_MicroLabBox_real_T_0
                0x0000000048053ad0                p_0_Control_APF7_MicroLabBox_boolean_T_1
                0x0000000048053ad4                p_1_Control_APF7_MicroLabBox_real_T_0
                0x0000000048053ad8                p_2_Control_APF7_MicroLabBox_real_T_0
                0x0000000048053adc                p_2_Control_APF7_MicroLabBox_int_T_2
 .bss           0x0000000048053ae0        0x0 rtGetInf.o07
 .bss           0x0000000048053ae0        0x0 rtGetNaN.o07
 .bss           0x0000000048053ae0       0x2c rt_nonfinite.o07
                0x0000000048053ae0                rtNaN
                0x0000000048053ae8                rtNaNF
                0x0000000048053af0                rtInf
                0x0000000048053af8                rtInfF
                0x0000000048053b00                rtMinusInf
                0x0000000048053b08                rtMinusInfF
 *fill*         0x0000000048053b0c        0x4 
 .bss           0x0000000048053b10       0xb8 rti_sim_engine.o07
                0x0000000048053b10                currentTime
                0x0000000048053b14                finalTime
                0x0000000048053b18                modelStepSize
                0x0000000048053b20                pRTIDioC1DigOut_Port_1_Ch_11
                0x0000000048053b24                pRTIDioC1DigOut_Port_1_Ch_12
                0x0000000048053b28                pRTIDioC1DigOut_Port_1_Ch_15
                0x0000000048053b2c                pRTIDioC1DigOut_Port_1_Ch_13
                0x0000000048053b30                pRTIDioC1DigOut_Port_1_Ch_14
                0x0000000048053b34                pRTIDioC1DigOut_Port_1_Ch_16
                0x0000000048053b38                pRTIDioC1DigOut_Port_1_Ch_7
                0x0000000048053b3c                pRTIDioC1DigOut_Port_1_Ch_2
                0x0000000048053b40                pRTIDioC1DigOut_Port_1_Ch_3
                0x0000000048053b44                pRTIDioC1DigOut_Port_1_Ch_4
                0x0000000048053b48                pRTIDioC1DigOut_Port_1_Ch_5
                0x0000000048053b4c                pRTIDioC1DigOut_Port_1_Ch_6
                0x0000000048053b50                pRTIDioC1DigOut_Port_2_Ch_8
                0x0000000048053b54                pRTIDioC1DigOut_Port_2_Ch_2
                0x0000000048053b58                pRTIDioC1DigOut_Port_2_Ch_4
                0x0000000048053b5c                pRTIDioC1DigOut_Port_2_Ch_5
                0x0000000048053b60                pRTIDioC1DigOut_Port_2_Ch_6
                0x0000000048053b64                pRTIDioC1DigOut_Port_2_Ch_7
                0x0000000048053b68                pRTIDioC1PwmOut_Port_3_Ch_1
                0x0000000048053b6c                pRTIAdcC1AnalogIn_Ch_1
                0x0000000048053b70                pRTIAdcC1AnalogIn_Ch_2
                0x0000000048053b74                pRTIAdcC1AnalogIn_Ch_3
                0x0000000048053b78                pRTIAdcC1AnalogIn_Ch_9
                0x0000000048053b7c                pRTIAdcC1AnalogIn_Ch_10
                0x0000000048053b80                pRTIAdcC1AnalogIn_Ch_11
                0x0000000048053b84                pRTIAdcC1AnalogIn_Ch_17
                0x0000000048053b88                pRTIAdcC1AnalogIn_Ch_18
                0x0000000048053b8c                pRTIAdcC1AnalogIn_Ch_19
                0x0000000048053b90                pRTIAdcC1AnalogIn_Ch_4
                0x0000000048053b94                pRTIAdcC1AnalogIn_Ch_5
                0x0000000048053b98                pRTIAdcC1AnalogIn_Ch_6
                0x0000000048053b9c                taskMode
                0x0000000048053ba0                pRti_120XDIOCL1PWM_FALLING_EDGEP3Ch1_STime
                0x0000000048053ba4                pRti_120XDIOCL1PWM_FALLING_EDGEP3Ch1_TTime
                0x0000000048053ba8                pRti_120XDIOCL1PWM_FALLING_EDGEP3Ch1_TState
                0x0000000048053bac                pRti_120XDIOCL1PWM_FALLING_EDGEP3Ch1_OType
                0x0000000048053bb0                pRti_120XDIOCL1PWM_FALLING_EDGEP3Ch1_OMax
                0x0000000048053bb4                pRti_120XDIOCL1PWM_FALLING_EDGEP3Ch1_ORpt
                0x0000000048053bb8                pRti_120XDIOCL1PWM_FALLING_EDGEP3Ch1_OCnt
                0x0000000048053bbc                pRti_120XDIOCL1PWM_FALLING_EDGEP3Ch1_TCnt
                0x0000000048053bc0                pRti_120XDIOCL1PWM_FALLING_EDGEP3Ch1_Prio
                0x0000000048053bc4                rtiAssertionMode
 .bss           0x0000000048053bc8        0x4 rti_init_c.o07
 .bss           0x0000000048053bcc        0x0 rt_sim.o07
 .bss           0x0000000048053bcc        0x0 rti_assert.o07
 .bss           0x0000000048053bcc        0x0 C:\Program Files\dSPACE RCPHIL 2018-A\DS1202\Lib/librtversion.a(RtVersion.o)
 .bss           0x0000000048053bcc       0x14 C:\Program Files\dSPACE RCPHIL 2018-A\DS1202\Lib/librtglobals.a(DsEESPort.o)
                0x0000000048053bcc                xilapi_eesport_trigger_uint32_T
                0x0000000048053bd0                xilapi_eesport_flags_uint32_T
                0x0000000048053bd4                xilapi_eesport_errorswitching_uint32_T
                0x0000000048053bd8                xilapi_eesport_erroractivated_uint32_T
                0x0000000048053bdc                xilapi_eesport_activeerrorset_uint32_T
 .bss           0x0000000048053be0        0x0 C:\Program Files\dSPACE RCPHIL 2018-A\DS1202\Lib/libm_fastpow.a(w_pow.o)
 .bss           0x0000000048053be0        0x0 C:\Program Files\dSPACE RCPHIL 2018-A\DS1202\Lib/libm_fastpow.a(e_pow.o)
 .bss           0x0000000048053be0        0x0 C:\Program Files\dSPACE RCPHIL 2018-A\DS1202\Lib/libm_fastpow.a(s_scalbn.o)
 .bss           0x0000000048053be0        0x0 c:/programdata/dspace/071346ea-bffa-4465-9551-2e48edf35320/compiler/qnx650_520/host/win32/x86/usr/bin/../lib/gcc/powerpc-unknown-nto-qnx6.5.0/5.2.0/crtend.o
 .bss           0x0000000048053be0        0x0 C:\ProgramData\dSPACE\071346EA-BFFA-4465-9551-2E48EDF35320\Compiler\QNX650_520\target\qnx6/ppcbe/lib/crtn.o
 *(COMMON)
                0x0000000048053be0                . = ALIGN ((. != 0x0)?0x4:0x1)

.iplt           0x0000000048053be0        0x0
 .iplt          0x0000000048053be0        0x0 C:\ProgramData\dSPACE\071346EA-BFFA-4465-9551-2E48EDF35320\Compiler\QNX650_520\target\qnx6/ppcbe/lib/crt1.o
                0x0000000048053be0                . = ALIGN (0x4)
                0x0000000048053be0                . = ALIGN (0x4)
                0x0000000048053be0                __end = .
                0x0000000048053be0                _end = .
                [!provide]                        PROVIDE (end, .)
                0x0000000048053be0                . = DATA_SEGMENT_END (.)

.stab
 *(.stab)

.stabstr
 *(.stabstr)

.stab.excl
 *(.stab.excl)

.stab.exclstr
 *(.stab.exclstr)

.stab.index
 *(.stab.index)

.stab.indexstr
 *(.stab.indexstr)

.comment        0x0000000000000000       0x47
 *(.comment)
 .comment       0x0000000000000000       0x11 c:/programdata/dspace/071346ea-bffa-4465-9551-2e48edf35320/compiler/qnx650_520/host/win32/x86/usr/bin/../lib/gcc/powerpc-unknown-nto-qnx6.5.0/5.2.0/crtbegin.o
                                         0x12 (size before relaxing)
 .comment       0x0000000000000011       0x12 Control_APF7_algoritmo_wrapper.o07
 .comment       0x0000000000000011       0x12 seguidor_wrapper.o07
 .comment       0x0000000000000011       0x12 seguidor12_wrapper.o07
 .comment       0x0000000000000011       0x12 seguidor3_wrapper.o07
 .comment       0x0000000000000011       0x12 seguidor4_wrapper.o07
 .comment       0x0000000000000011       0x12 seguidor_2S_wrapper.o07
 .comment       0x0000000000000011       0x12 Control_APF7_MicroLabBox.o07
 .comment       0x0000000000000011       0x12 Control_APF7_MicroLabBox_capi.o07
 .comment       0x0000000000000011       0x12 Control_APF7_MicroLabBox_data.o07
 .comment       0x0000000000000011       0x12 Control_APF7_MicroLabBox_trc_ptr.o07
 .comment       0x0000000000000011       0x12 rtGetInf.o07
 .comment       0x0000000000000011       0x12 rtGetNaN.o07
 .comment       0x0000000000000011       0x12 rt_nonfinite.o07
 .comment       0x0000000000000011       0x12 rti_sim_engine.o07
 .comment       0x0000000000000011       0x12 rti_init_c.o07
 .comment       0x0000000000000011       0x12 rt_sim.o07
 .comment       0x0000000000000011       0x12 rti_assert.o07
 .comment       0x0000000000000011       0x12 C:\Program Files\dSPACE RCPHIL 2018-A\DS1202\Lib/librtversion.a(RtVersion.o)
 .comment       0x0000000000000011       0x12 C:\Program Files\dSPACE RCPHIL 2018-A\DS1202\Lib/librtglobals.a(DsEESPort.o)
 .comment       0x0000000000000011       0x12 C:\Program Files\dSPACE RCPHIL 2018-A\DS1202\Lib/libm_fastpow.a(w_pow.o)
 .comment       0x0000000000000023       0x12 C:\Program Files\dSPACE RCPHIL 2018-A\DS1202\Lib/libm_fastpow.a(e_pow.o)
 .comment       0x0000000000000035       0x12 C:\Program Files\dSPACE RCPHIL 2018-A\DS1202\Lib/libm_fastpow.a(s_scalbn.o)
 .comment       0x0000000000000047       0x12 c:/programdata/dspace/071346ea-bffa-4465-9551-2e48edf35320/compiler/qnx650_520/host/win32/x86/usr/bin/../lib/gcc/powerpc-unknown-nto-qnx6.5.0/5.2.0/crtend.o

.PPC.EMB.apuinfo
                0x0000000000000000       0x18
 .PPC.EMB.apuinfo
                0x0000000000000000       0x18 Control_APF7_MicroLabBox.o07
 .PPC.EMB.apuinfo
                0x0000000000000018       0x18 rt_nonfinite.o07
 .PPC.EMB.apuinfo
                0x0000000000000030       0x18 rti_sim_engine.o07

.debug
 *(.debug)

.line
 *(.line)

.debug_srcinfo
 *(.debug_srcinfo)

.debug_sfnames
 *(.debug_sfnames)

.debug_aranges
 *(.debug_aranges)

.debug_pubnames
 *(.debug_pubnames)

.debug_info
 *(.debug_info .gnu.linkonce.wi.*)

.debug_abbrev
 *(.debug_abbrev)

.debug_line
 *(.debug_line)

.debug_frame
 *(.debug_frame)

.debug_str
 *(.debug_str)

.debug_loc
 *(.debug_loc)

.debug_macinfo
 *(.debug_macinfo)

.debug_weaknames
 *(.debug_weaknames)

.debug_funcnames
 *(.debug_funcnames)

.debug_typenames
 *(.debug_typenames)

.debug_varnames
 *(.debug_varnames)

.debug_pubtypes
 *(.debug_pubtypes)

.debug_ranges
 *(.debug_ranges)

.gnu.attributes
                0x0000000000000000       0x14
 *(.gnu.attributes)
 .gnu.attributes
                0x0000000000000000       0x10 Control_APF7_MicroLabBox.o07
 .gnu.attributes
                0x0000000000000010       0x10 rtGetInf.o07
 .gnu.attributes
                0x0000000000000020       0x10 rtGetNaN.o07
 .gnu.attributes
                0x0000000000000030       0x10 rt_nonfinite.o07
 .gnu.attributes
                0x0000000000000040       0x10 rti_sim_engine.o07
 .gnu.attributes
                0x0000000000000050       0x10 rt_sim.o07
 .gnu.attributes
                0x0000000000000060       0x10 rti_assert.o07
 .gnu.attributes
                0x0000000000000070       0x14 C:\Program Files\dSPACE RCPHIL 2018-A\DS1202\Lib/libm_fastpow.a(w_pow.o)
 .gnu.attributes
                0x0000000000000084       0x14 C:\Program Files\dSPACE RCPHIL 2018-A\DS1202\Lib/libm_fastpow.a(e_pow.o)
 .gnu.attributes
                0x0000000000000098       0x14 C:\Program Files\dSPACE RCPHIL 2018-A\DS1202\Lib/libm_fastpow.a(s_scalbn.o)

/DISCARD/
 *(.note.GNU-stack)
 *(.gnu_debuglink)
OUTPUT(Control_APF7_MicroLabBox.ppc elf32-powerpc)
